Archive member included to satisfy reference by file (symbol)

c:/progra~2/gnuarm~1/102021~1.10/bin/../lib/gcc/arm-none-eabi/10.3.1/thumb/v6-m/nofp\libgcc.a(_dvmd_tls.o)
                              CMakeFiles/mong_proto.dir/C_/Users/JaeYeong_Ko/Documents/Pico/pico-sdk/src/rp2_common/pico_divider/divider.S.obj (__aeabi_idiv0)
c:/progra~2/gnuarm~1/102021~1.10/bin/../lib/gcc/arm-none-eabi/10.3.1/../../../../arm-none-eabi/lib/thumb/v6-m/nofp\libc.a(lib_a-calloc.o)
                              CMakeFiles/mong_proto.dir/C_/Users/JaeYeong_Ko/Documents/Pico/pico-sdk/src/rp2_common/pico_malloc/pico_malloc.c.obj (calloc)
c:/progra~2/gnuarm~1/102021~1.10/bin/../lib/gcc/arm-none-eabi/10.3.1/../../../../arm-none-eabi/lib/thumb/v6-m/nofp\libc.a(lib_a-callocr.o)
                              c:/progra~2/gnuarm~1/102021~1.10/bin/../lib/gcc/arm-none-eabi/10.3.1/../../../../arm-none-eabi/lib/thumb/v6-m/nofp\libc.a(lib_a-calloc.o) (_calloc_r)
c:/progra~2/gnuarm~1/102021~1.10/bin/../lib/gcc/arm-none-eabi/10.3.1/../../../../arm-none-eabi/lib/thumb/v6-m/nofp\libc.a(lib_a-errno.o)
                              c:/progra~2/gnuarm~1/102021~1.10/bin/../lib/gcc/arm-none-eabi/10.3.1/../../../../arm-none-eabi/lib/thumb/v6-m/nofp\libc.a(lib_a-callocr.o) (__errno)
c:/progra~2/gnuarm~1/102021~1.10/bin/../lib/gcc/arm-none-eabi/10.3.1/../../../../arm-none-eabi/lib/thumb/v6-m/nofp\libc.a(lib_a-impure.o)
                              c:/progra~2/gnuarm~1/102021~1.10/bin/../lib/gcc/arm-none-eabi/10.3.1/../../../../arm-none-eabi/lib/thumb/v6-m/nofp\libc.a(lib_a-calloc.o) (_impure_ptr)
c:/progra~2/gnuarm~1/102021~1.10/bin/../lib/gcc/arm-none-eabi/10.3.1/../../../../arm-none-eabi/lib/thumb/v6-m/nofp\libc.a(lib_a-init.o)
                              c:/progra~2/gnuarm~1/102021~1.10/bin/../lib/gcc/arm-none-eabi/10.3.1/../../../../arm-none-eabi/lib/thumb/v6-m/nofp/crt0.o (__libc_init_array)
c:/progra~2/gnuarm~1/102021~1.10/bin/../lib/gcc/arm-none-eabi/10.3.1/../../../../arm-none-eabi/lib/thumb/v6-m/nofp\libc.a(lib_a-malloc.o)
                              CMakeFiles/mong_proto.dir/C_/Users/JaeYeong_Ko/Documents/Pico/pico-sdk/src/rp2_common/pico_malloc/pico_malloc.c.obj (malloc)
c:/progra~2/gnuarm~1/102021~1.10/bin/../lib/gcc/arm-none-eabi/10.3.1/../../../../arm-none-eabi/lib/thumb/v6-m/nofp\libc.a(lib_a-mallocr.o)
                              c:/progra~2/gnuarm~1/102021~1.10/bin/../lib/gcc/arm-none-eabi/10.3.1/../../../../arm-none-eabi/lib/thumb/v6-m/nofp\libc.a(lib_a-callocr.o) (_malloc_r)
c:/progra~2/gnuarm~1/102021~1.10/bin/../lib/gcc/arm-none-eabi/10.3.1/../../../../arm-none-eabi/lib/thumb/v6-m/nofp\libc.a(lib_a-mlock.o)
                              c:/progra~2/gnuarm~1/102021~1.10/bin/../lib/gcc/arm-none-eabi/10.3.1/../../../../arm-none-eabi/lib/thumb/v6-m/nofp\libc.a(lib_a-mallocr.o) (__malloc_lock)
c:/progra~2/gnuarm~1/102021~1.10/bin/../lib/gcc/arm-none-eabi/10.3.1/../../../../arm-none-eabi/lib/thumb/v6-m/nofp\libc.a(lib_a-realloc.o)
                              CMakeFiles/mong_proto.dir/C_/Users/JaeYeong_Ko/Documents/Pico/pico-sdk/src/rp2_common/pico_malloc/pico_malloc.c.obj (realloc)
c:/progra~2/gnuarm~1/102021~1.10/bin/../lib/gcc/arm-none-eabi/10.3.1/../../../../arm-none-eabi/lib/thumb/v6-m/nofp\libc.a(lib_a-reallocr.o)
                              c:/progra~2/gnuarm~1/102021~1.10/bin/../lib/gcc/arm-none-eabi/10.3.1/../../../../arm-none-eabi/lib/thumb/v6-m/nofp\libc.a(lib_a-realloc.o) (_realloc_r)
c:/progra~2/gnuarm~1/102021~1.10/bin/../lib/gcc/arm-none-eabi/10.3.1/../../../../arm-none-eabi/lib/thumb/v6-m/nofp\libc.a(lib_a-sbrkr.o)
                              c:/progra~2/gnuarm~1/102021~1.10/bin/../lib/gcc/arm-none-eabi/10.3.1/../../../../arm-none-eabi/lib/thumb/v6-m/nofp\libc.a(lib_a-mallocr.o) (_sbrk_r)
c:/progra~2/gnuarm~1/102021~1.10/bin/../lib/gcc/arm-none-eabi/10.3.1/../../../../arm-none-eabi/lib/thumb/v6-m/nofp\libc.a(lib_a-strlen-stub.o)
                              CMakeFiles/mong_proto.dir/C_/Users/JaeYeong_Ko/Documents/Pico/pico-sdk/src/rp2_common/pico_stdio/stdio.c.obj (strlen)
c:/progra~2/gnuarm~1/102021~1.10/bin/../lib/gcc/arm-none-eabi/10.3.1/../../../../arm-none-eabi/lib/thumb/v6-m/nofp\libc.a(lib_a-freer.o)
                              c:/progra~2/gnuarm~1/102021~1.10/bin/../lib/gcc/arm-none-eabi/10.3.1/../../../../arm-none-eabi/lib/thumb/v6-m/nofp\libc.a(lib_a-malloc.o) (_free_r)
c:/progra~2/gnuarm~1/102021~1.10/bin/../lib/gcc/arm-none-eabi/10.3.1/../../../../arm-none-eabi/lib/thumb/v6-m/nofp\libc.a(lib_a-lock.o)
                              c:/progra~2/gnuarm~1/102021~1.10/bin/../lib/gcc/arm-none-eabi/10.3.1/../../../../arm-none-eabi/lib/thumb/v6-m/nofp\libc.a(lib_a-mlock.o) (__retarget_lock_acquire_recursive)
c:/progra~2/gnuarm~1/102021~1.10/bin/../lib/gcc/arm-none-eabi/10.3.1/../../../../arm-none-eabi/lib/thumb/v6-m/nofp\libc.a(lib_a-memmove.o)
[...]
Memory Configuration

Name             Origin             Length             Attributes
FLASH            0x10000000         0x00200000         xr
RAM              0x20000000         0x00040000         xrw
SCRATCH_X        0x20040000         0x00001000         xrw
SCRATCH_Y        0x20041000         0x00001000         xrw
*default*        0x00000000         0xffffffff

Linker script and memory map

LOAD c:/progra~2/gnuarm~1/102021~1.10/bin/../lib/gcc/arm-none-eabi/10.3.1/thumb/v6-m/nofp/crti.o
LOAD c:/progra~2/gnuarm~1/102021~1.10/bin/../lib/gcc/arm-none-eabi/10.3.1/thumb/v6-m/nofp/crtbegin.o
LOAD c:/progra~2/gnuarm~1/102021~1.10/bin/../lib/gcc/arm-none-eabi/10.3.1/../../../../arm-none-eabi/lib/thumb/v6-m/nofp/crt0.o

.flash_begin    0x10000000        0x0
                0x10000000                __flash_binary_start = .

.boot2          0x10000000      0x100
                0x10000000                __boot2_start__ = .
 *(.boot2)
 .boot2         0x10000000      0x100 C:\Users\JAEYEO~1\AppData\Local\Temp\ccJVw4ol.o
                0x10000100                __boot2_end__ = .
                0x00000001                ASSERT (((__boot2_end__ - __boot2_start__) == 0x100), ERROR: Pico second stage bootloader must be 256 bytes in size)

.text           0x10000100     0x8688
                0x10000100                __logical_binary_start = .
 *(.vectors)
 .vectors       0x10000100       0xd4 CMakeFiles/mong_proto.dir/C_/Users/JaeYeong_Ko/Documents/Pico/pico-sdk/src/rp2_common/pico_standard_link/crt0.S.obj
                0x10000100                __VECTOR_TABLE
                0x10000100                __vectors
                0x100001c0                isr_invalid
                0x100001c0                __default_isrs_start
                0x100001c2                isr_nmi
                0x100001c4                isr_hardfault
                0x100001c6                isr_svcall
                0x100001c8                isr_pendsv
                0x100001ca                isr_systick
                0x100001cc                isr_irq23
                0x100001cc                isr_irq18
                0x100001cc                isr_irq11
                0x100001cc                isr_irq28
                0x100001cc                isr_irq19
                0x100001cc                isr_irq0
                0x100001cc                isr_irq6
                0x100001cc                isr_irq5
                0x100001cc                isr_irq12
                0x100001cc                isr_irq22
                0x100001cc                isr_irq31
                0x100001cc                isr_irq17
                0x100001cc                isr_irq27
                0x100001cc                isr_irq30
                0x100001cc                isr_irq2
                0x100001cc                isr_irq10
                0x100001cc                isr_irq8
                0x100001cc                isr_irq24
                0x100001cc                isr_irq1
                0x100001cc                isr_irq7
                0x100001cc                isr_irq21
                0x100001cc                isr_irq20
                0x100001cc                isr_irq15
                0x100001cc                isr_irq25
                0x100001cc                isr_irq13
                0x100001cc                __unhandled_user_irq
                0x100001cc                isr_irq4
                0x100001cc                isr_irq16
                0x100001cc                isr_irq29
                0x100001cc                isr_irq26
                0x100001cc                __default_isrs_end
                0x100001cc                isr_irq3
                0x100001cc                isr_irq14
                0x100001cc                isr_irq9
                0x100001d2                unhandled_user_irq_num_in_r0
 *(.binary_info_header)
 .binary_info_header
                0x100001d4       0x14 CMakeFiles/mong_proto.dir/C_/Users/JaeYeong_Ko/Documents/Pico/pico-sdk/src/rp2_common/pico_standard_link/crt0.S.obj
                0x100001e8                __binary_info_header_end = .
 *(.reset)
 .reset         0x100001e8       0xa0 CMakeFiles/mong_proto.dir/C_/Users/JaeYeong_Ko/Documents/Pico/pico-sdk/src/rp2_common/pico_standard_link/crt0.S.obj
                0x100001e8                _entry_point
 .reset         0x10000288       0x30 CMakeFiles/mong_proto.dir/C_/Users/JaeYeong_Ko/Documents/Pico/pico-sdk/src/rp2_common/pico_standard_link/binary_info.c.obj
 *(.init)
 .init          0x100002b8        0x4 c:/progra~2/gnuarm~1/102021~1.10/bin/../lib/gcc/arm-none-eabi/10.3.1/thumb/v6-m/nofp/crti.o
                0x100002b8                _init
 *(EXCLUDE_FILE(*libm.a: *libc.a:*lib_a-mem*.o *libgcc.a:) .text*)
 .text          0x100002bc       0x48 c:/progra~2/gnuarm~1/102021~1.10/bin/../lib/gcc/arm-none-eabi/10.3.1/thumb/v6-m/nofp/crtbegin.o
 .text.battle_phase
                0x10000304      0x240 CMakeFiles/mong_proto.dir/main.c.obj
                0x10000304                battle_phase
 .text.buttListener.constprop.0
                0x10000544       0xf0 CMakeFiles/mong_proto.dir/main.c.obj
 .text.setup_gpios
                0x10000634       0xb4 CMakeFiles/mong_proto.dir/main.c.obj
                0x10000634                setup_gpios
 .text.startup.main
                0x100006e8      0x1c4 CMakeFiles/mong_proto.dir/main.c.obj
                0x100006e8                main
 .text.play_melody
                0x100008ac      0x168 CMakeFiles/mong_proto.dir/Sound/Buzzer/buzzer.c.obj
                0x100008ac                play_melody
 .text.ssd1306_draw_char_with_font.part.0
                0x10000a14      0x148 CMakeFiles/mong_proto.dir/Disp/Ssd1306/ssd1306.c.obj
 .text.ssd1306_init
                0x10000b5c      0x14c CMakeFiles/mong_proto.dir/Disp/Ssd1306/ssd1306.c.obj
                0x10000b5c                ssd1306_init
 .text.ssd1306_clear
                0x10000ca8       0x10 CMakeFiles/mong_proto.dir/Disp/Ssd1306/ssd1306.c.obj
                0x10000ca8                ssd1306_clear
 .text.ssd1306_draw_line
                0x10000cb8       0xd4 CMakeFiles/mong_proto.dir/Disp/Ssd1306/ssd1306.c.obj
                0x10000cb8                ssd1306_draw_line
 .text.ssd1306_draw_string
                0x10000d8c       0x68 CMakeFiles/mong_proto.dir/Disp/Ssd1306/ssd1306.c.obj
                0x10000d8c                ssd1306_draw_string
 .text.ssd1306_bmp_show_image_with_offset
                0x10000df4      0x19c CMakeFiles/mong_proto.dir/Disp/Ssd1306/ssd1306.c.obj
                0x10000df4                ssd1306_bmp_show_image_with_offset
 .text.ssd1306_show
                0x10000f90       0xd0 CMakeFiles/mong_proto.dir/Disp/Ssd1306/ssd1306.c.obj
                0x10000f90                ssd1306_show
 .text.gpio_set_function
                0x10001060       0x30 CMakeFiles/mong_proto.dir/C_/Users/JaeYeong_Ko/Documents/Pico/pico-sdk/src/rp2_common/hardware_gpio/gpio.c.obj
                0x10001060                gpio_set_function
 .text.gpio_set_pulls
                0x10001090       0x30 CMakeFiles/mong_proto.dir/C_/Users/JaeYeong_Ko/Documents/Pico/pico-sdk/src/rp2_common/hardware_gpio/gpio.c.obj
                0x10001090                gpio_set_pulls
 .text.gpio_init
                0x100010c0       0x3c CMakeFiles/mong_proto.dir/C_/Users/JaeYeong_Ko/Documents/Pico/pico-sdk/src/rp2_common/hardware_gpio/gpio.c.obj
                0x100010c0                gpio_init
 .text.running_on_fpga
                0x100010fc       0x10 CMakeFiles/mong_proto.dir/C_/Users/JaeYeong_Ko/Documents/Pico/pico-sdk/src/rp2_common/pico_platform/platform.c.obj
                0x100010fc                running_on_fpga
 .text.hw_claim_or_assert
                0x1000110c       0x44 CMakeFiles/mong_proto.dir/C_/Users/JaeYeong_Ko/Documents/Pico/pico-sdk/src/rp2_common/hardware_claim/claim.c.obj
                0x1000110c                hw_claim_or_assert
 .text.hw_claim_unused_from_range
                0x10001150       0x9c CMakeFiles/mong_proto.dir/C_/Users/JaeYeong_Ko/Documents/Pico/pico-sdk/src/rp2_common/hardware_claim/claim.c.obj
                0x10001150                hw_claim_unused_from_range
 .text.spin_locks_reset
                0x100011ec       0x1c CMakeFiles/mong_proto.dir/C_/Users/JaeYeong_Ko/Documents/Pico/pico-sdk/src/rp2_common/hardware_sync/sync.c.obj
                0x100011ec                spin_locks_reset
 .text.next_striped_spin_lock_num
                0x10001208       0x18 CMakeFiles/mong_proto.dir/C_/Users/JaeYeong_Ko/Documents/Pico/pico-sdk/src/rp2_common/hardware_sync/sync.c.obj
                0x10001208                next_striped_spin_lock_num
 .text.spin_lock_claim_unused
                0x10001220       0x20 CMakeFiles/mong_proto.dir/C_/Users/JaeYeong_Ko/Documents/Pico/pico-sdk/src/rp2_common/hardware_sync/sync.c.obj
                0x10001220                spin_lock_claim_unused
 .text.irq_set_enabled
                0x10001240       0x24 CMakeFiles/mong_proto.dir/C_/Users/JaeYeong_Ko/Documents/Pico/pico-sdk/src/rp2_common/hardware_irq/irq.c.obj
                0x10001240                irq_set_enabled
 .text.irq_set_pending
                0x10001264       0x10 CMakeFiles/mong_proto.dir/C_/Users/JaeYeong_Ko/Documents/Pico/pico-sdk/src/rp2_common/hardware_irq/irq.c.obj
                0x10001264                irq_set_pending
 .text.irq_has_shared_handler
                0x10001274       0x2c CMakeFiles/mong_proto.dir/C_/Users/JaeYeong_Ko/Documents/Pico/pico-sdk/src/rp2_common/hardware_irq/irq.c.obj
                0x10001274                irq_has_shared_handler
 .text.irq_get_vtable_handler
                0x100012a0       0x10 CMakeFiles/mong_proto.dir/C_/Users/JaeYeong_Ko/Documents/Pico/pico-sdk/src/rp2_common/hardware_irq/irq.c.obj
                0x100012a0                irq_get_vtable_handler
 .text.irq_set_exclusive_handler
                0x100012b0       0x54 CMakeFiles/mong_proto.dir/C_/Users/JaeYeong_Ko/Documents/Pico/pico-sdk/src/rp2_common/hardware_irq/irq.c.obj
                0x100012b0                irq_set_exclusive_handler
 .text.irq_add_shared_handler
                0x10001304      0x1e8 CMakeFiles/mong_proto.dir/C_/Users/JaeYeong_Ko/Documents/Pico/pico-sdk/src/rp2_common/hardware_irq/irq.c.obj
                0x10001304                irq_add_shared_handler
 .text.irq_remove_handler
                0x100014ec      0x1b0 CMakeFiles/mong_proto.dir/C_/Users/JaeYeong_Ko/Documents/Pico/pico-sdk/src/rp2_common/hardware_irq/irq.c.obj
                0x100014ec                irq_remove_handler
 .text.irq_add_tail_to_free_list
                0x1000169c       0xb4 CMakeFiles/mong_proto.dir/C_/Users/JaeYeong_Ko/Documents/Pico/pico-sdk/src/rp2_common/hardware_irq/irq.c.obj
                0x1000169c                irq_add_tail_to_free_list
 .text.irq_init_priorities
                0x10001750       0x24 CMakeFiles/mong_proto.dir/C_/Users/JaeYeong_Ko/Documents/Pico/pico-sdk/src/rp2_common/hardware_irq/irq.c.obj
                0x10001750                irq_init_priorities
 .text.user_irq_claim_unused
                0x10001774       0x28 CMakeFiles/mong_proto.dir/C_/Users/JaeYeong_Ko/Documents/Pico/pico-sdk/src/rp2_common/hardware_irq/irq.c.obj
                0x10001774                user_irq_claim_unused
 .text.lock_init
                0x1000179c       0x10 CMakeFiles/mong_proto.dir/C_/Users/JaeYeong_Ko/Documents/Pico/pico-sdk/src/common/pico_sync/lock_core.c.obj
                0x1000179c                lock_init
 .text.mutex_init
                0x100017ac       0x1c CMakeFiles/mong_proto.dir/C_/Users/JaeYeong_Ko/Documents/Pico/pico-sdk/src/common/pico_sync/mutex.c.obj
                0x100017ac                mutex_init
 .text.recursive_mutex_init
                0x100017c8       0x1c CMakeFiles/mong_proto.dir/C_/Users/JaeYeong_Ko/Documents/Pico/pico-sdk/src/common/pico_sync/mutex.c.obj
                0x100017c8                recursive_mutex_init
 .text.critical_section_init
                0x100017e4       0x20 CMakeFiles/mong_proto.dir/C_/Users/JaeYeong_Ko/Documents/Pico/pico-sdk/src/common/pico_sync/critical_section.c.obj
                0x100017e4                critical_section_init
 .text.critical_section_init_with_lock_num
                0x10001804       0x14 CMakeFiles/mong_proto.dir/C_/Users/JaeYeong_Ko/Documents/Pico/pico-sdk/src/common/pico_sync/critical_section.c.obj
                0x10001804                critical_section_init_with_lock_num
 .text.timer_pool_entry_comparator
                0x10001818       0x34 CMakeFiles/mong_proto.dir/C_/Users/JaeYeong_Ko/Documents/Pico/pico-sdk/src/common/pico_time/time.c.obj
                0x10001818                timer_pool_entry_comparator
 .text.sleep_until_callback
                0x1000184c       0x30 CMakeFiles/mong_proto.dir/C_/Users/JaeYeong_Ko/Documents/Pico/pico-sdk/src/common/pico_time/time.c.obj
 .text.add_alarm_under_lock.isra.0
                0x1000187c      0x100 CMakeFiles/mong_proto.dir/C_/Users/JaeYeong_Ko/Documents/Pico/pico-sdk/src/common/pico_time/time.c.obj
 .text.alarm_pool_alarm_callback
                0x1000197c      0x1bc CMakeFiles/mong_proto.dir/C_/Users/JaeYeong_Ko/Documents/Pico/pico-sdk/src/common/pico_time/time.c.obj
 .text.alarm_pool_init_default
                0x10001b38       0x6c CMakeFiles/mong_proto.dir/C_/Users/JaeYeong_Ko/Documents/Pico/pico-sdk/src/common/pico_time/time.c.obj
                0x10001b38                alarm_pool_init_default
 .text.alarm_pool_get_default
                0x10001ba4        0x8 CMakeFiles/mong_proto.dir/C_/Users/JaeYeong_Ko/Documents/Pico/pico-sdk/src/common/pico_time/time.c.obj
                0x10001ba4                alarm_pool_get_default
 .text.alarm_pool_add_alarm_at
                0x10001bac      0x178 CMakeFiles/mong_proto.dir/C_/Users/JaeYeong_Ko/Documents/Pico/pico-sdk/src/common/pico_time/time.c.obj
                0x10001bac                alarm_pool_add_alarm_at
 .text.alarm_pool_core_num
                0x10001d24        0x4 CMakeFiles/mong_proto.dir/C_/Users/JaeYeong_Ko/Documents/Pico/pico-sdk/src/common/pico_time/time.c.obj
                0x10001d24                alarm_pool_core_num
 .text.sleep_until
                0x10001d28       0xc4 CMakeFiles/mong_proto.dir/C_/Users/JaeYeong_Ko/Documents/Pico/pico-sdk/src/common/pico_time/time.c.obj
                0x10001d28                sleep_until
 .text.sleep_us
                0x10001dec       0x24 CMakeFiles/mong_proto.dir/C_/Users/JaeYeong_Ko/Documents/Pico/pico-sdk/src/common/pico_time/time.c.obj
                0x10001dec                sleep_us
 .text.sleep_ms
                0x10001e10       0x34 CMakeFiles/mong_proto.dir/C_/Users/JaeYeong_Ko/Documents/Pico/pico-sdk/src/common/pico_time/time.c.obj
                0x10001e10                sleep_ms
 .text.best_effort_wfe_or_timeout
                0x10001e44       0xd4 CMakeFiles/mong_proto.dir/C_/Users/JaeYeong_Ko/Documents/Pico/pico-sdk/src/common/pico_time/time.c.obj
                0x10001e44                best_effort_wfe_or_timeout
 .text.hardware_alarm_irq_handler
                0x10001f18       0xbc CMakeFiles/mong_proto.dir/C_/Users/JaeYeong_Ko/Documents/Pico/pico-sdk/src/rp2_common/hardware_timer/timer.c.obj
 .text.hardware_alarm_claim
                0x10001fd4       0x18 CMakeFiles/mong_proto.dir/C_/Users/JaeYeong_Ko/Documents/Pico/pico-sdk/src/rp2_common/hardware_timer/timer.c.obj
                0x10001fd4                hardware_alarm_claim
 .text.time_us_64
                0x10001fec       0x14 CMakeFiles/mong_proto.dir/C_/Users/JaeYeong_Ko/Documents/Pico/pico-sdk/src/rp2_common/hardware_timer/timer.c.obj
                0x10001fec                time_us_64
 .text.busy_wait_until
                0x10002000       0x20 CMakeFiles/mong_proto.dir/C_/Users/JaeYeong_Ko/Documents/Pico/pico-sdk/src/rp2_common/hardware_timer/timer.c.obj
                0x10002000                busy_wait_until
 .text.hardware_alarm_set_callback
                0x10002020       0x8c CMakeFiles/mong_proto.dir/C_/Users/JaeYeong_Ko/Documents/Pico/pico-sdk/src/rp2_common/hardware_timer/timer.c.obj
                0x10002020                hardware_alarm_set_callback
 .text.hardware_alarm_set_target
                0x100020ac       0xd4 CMakeFiles/mong_proto.dir/C_/Users/JaeYeong_Ko/Documents/Pico/pico-sdk/src/rp2_common/hardware_timer/timer.c.obj
                0x100020ac                hardware_alarm_set_target
 .text.hardware_alarm_cancel
                0x10002180       0x3c CMakeFiles/mong_proto.dir/C_/Users/JaeYeong_Ko/Documents/Pico/pico-sdk/src/rp2_common/hardware_timer/timer.c.obj
                0x10002180                hardware_alarm_cancel
 .text.ph_merge_nodes
                0x100021bc       0x68 CMakeFiles/mong_proto.dir/C_/Users/JaeYeong_Ko/Documents/Pico/pico-sdk/src/common/pico_util/pheap.c.obj
 .text.ph_post_alloc_init
                0x10002224       0x3c CMakeFiles/mong_proto.dir/C_/Users/JaeYeong_Ko/Documents/Pico/pico-sdk/src/common/pico_util/pheap.c.obj
                0x10002224                ph_post_alloc_init
 .text.ph_merge_two_pass
                0x10002260       0x90 CMakeFiles/mong_proto.dir/C_/Users/JaeYeong_Ko/Documents/Pico/pico-sdk/src/common/pico_util/pheap.c.obj
                0x10002260                ph_merge_two_pass
 .text.ph_remove_any_head
                0x100022f0      0x100 CMakeFiles/mong_proto.dir/C_/Users/JaeYeong_Ko/Documents/Pico/pico-sdk/src/common/pico_util/pheap.c.obj
 .text.ph_remove_head
                0x100023f0      0x104 CMakeFiles/mong_proto.dir/C_/Users/JaeYeong_Ko/Documents/Pico/pico-sdk/src/common/pico_util/pheap.c.obj
                0x100023f0                ph_remove_head
 .text.ph_remove_and_free_node
                0x100024f4       0x7c CMakeFiles/mong_proto.dir/C_/Users/JaeYeong_Ko/Documents/Pico/pico-sdk/src/common/pico_util/pheap.c.obj
                0x100024f4                ph_remove_and_free_node
 .text.clocks_init
                0x10002570      0x2d0 CMakeFiles/mong_proto.dir/C_/Users/JaeYeong_Ko/Documents/Pico/pico-sdk/src/rp2_common/hardware_clocks/clocks.c.obj
                0x10002570                clocks_init
 .text.clock_get_hz
                0x10002840        0xc CMakeFiles/mong_proto.dir/C_/Users/JaeYeong_Ko/Documents/Pico/pico-sdk/src/rp2_common/hardware_clocks/clocks.c.obj
                0x10002840                clock_get_hz
 .text.pll_init
                0x1000284c       0xa0 CMakeFiles/mong_proto.dir/C_/Users/JaeYeong_Ko/Documents/Pico/pico-sdk/src/rp2_common/hardware_pll/pll.c.obj
                0x1000284c                pll_init
 .text.watchdog_start_tick
                0x100028ec       0x10 CMakeFiles/mong_proto.dir/C_/Users/JaeYeong_Ko/Documents/Pico/pico-sdk/src/rp2_common/hardware_watchdog/watchdog.c.obj
                0x100028ec                watchdog_start_tick
 .text.watchdog_reboot
                0x100028fc       0x98 CMakeFiles/mong_proto.dir/C_/Users/JaeYeong_Ko/Documents/Pico/pico-sdk/src/rp2_common/hardware_watchdog/watchdog.c.obj
                0x100028fc                watchdog_reboot
 .text.xosc_init
                0x10002994       0x28 CMakeFiles/mong_proto.dir/C_/Users/JaeYeong_Ko/Documents/Pico/pico-sdk/src/rp2_common/hardware_xosc/xosc.c.obj
                0x10002994                xosc_init
 .text.runtime_init
                0x100029bc       0xf0 CMakeFiles/mong_proto.dir/C_/Users/JaeYeong_Ko/Documents/Pico/pico-sdk/src/rp2_common/pico_runtime/runtime.c.obj
                0x100029bc                runtime_init
 .text._exit    0x10002aac        0x4 CMakeFiles/mong_proto.dir/C_/Users/JaeYeong_Ko/Documents/Pico/pico-sdk/src/rp2_common/pico_runtime/runtime.c.obj
                0x10002aac                _exit
 .text._sbrk    0x10002ab0       0x34 CMakeFiles/mong_proto.dir/C_/Users/JaeYeong_Ko/Documents/Pico/pico-sdk/src/rp2_common/pico_runtime/runtime.c.obj
                0x10002ab0                _sbrk
 .text.exit     0x10002ae4        0x8 CMakeFiles/mong_proto.dir/C_/Users/JaeYeong_Ko/Documents/Pico/pico-sdk/src/rp2_common/pico_runtime/runtime.c.obj
                0x10002ae4                exit
 .text.panic    0x10002aec       0x30 CMakeFiles/mong_proto.dir/C_/Users/JaeYeong_Ko/Documents/Pico/pico-sdk/src/rp2_common/pico_runtime/runtime.c.obj
                0x10002aec                panic
 .text.hard_assertion_failure
                0x10002b1c        0xc CMakeFiles/mong_proto.dir/C_/Users/JaeYeong_Ko/Documents/Pico/pico-sdk/src/rp2_common/pico_runtime/runtime.c.obj
                0x10002b1c                hard_assertion_failure
 .text._out_null
                0x10002b28        0x4 CMakeFiles/mong_proto.dir/C_/Users/JaeYeong_Ko/Documents/Pico/pico-sdk/src/rp2_common/pico_printf/printf.c.obj
 .text._out_rev
                0x10002b2c       0x9c CMakeFiles/mong_proto.dir/C_/Users/JaeYeong_Ko/Documents/Pico/pico-sdk/src/rp2_common/pico_printf/printf.c.obj
 .text._ntoa_format
                0x10002bc8      0x1cc CMakeFiles/mong_proto.dir/C_/Users/JaeYeong_Ko/Documents/Pico/pico-sdk/src/rp2_common/pico_printf/printf.c.obj
 .text._out_char
                0x10002d94       0x10 CMakeFiles/mong_proto.dir/C_/Users/JaeYeong_Ko/Documents/Pico/pico-sdk/src/rp2_common/pico_printf/printf.c.obj
 .text._out_fct
                0x10002da4       0x10 CMakeFiles/mong_proto.dir/C_/Users/JaeYeong_Ko/Documents/Pico/pico-sdk/src/rp2_common/pico_printf/printf.c.obj
 .text._etoa    0x10002db4      0x44c CMakeFiles/mong_proto.dir/C_/Users/JaeYeong_Ko/Documents/Pico/pico-sdk/src/rp2_common/pico_printf/printf.c.obj
 .text._ftoa    0x10003200      0x398 CMakeFiles/mong_proto.dir/C_/Users/JaeYeong_Ko/Documents/Pico/pico-sdk/src/rp2_common/pico_printf/printf.c.obj
 .text._vsnprintf
                0x10003598      0xb04 CMakeFiles/mong_proto.dir/C_/Users/JaeYeong_Ko/Documents/Pico/pico-sdk/src/rp2_common/pico_printf/printf.c.obj
 .text.vfctprintf
                0x1000409c       0x20 CMakeFiles/mong_proto.dir/C_/Users/JaeYeong_Ko/Documents/Pico/pico-sdk/src/rp2_common/pico_printf/printf.c.obj
                0x1000409c                vfctprintf
 .text.weak_raw_vprintf
                0x100040bc       0x30 CMakeFiles/mong_proto.dir/C_/Users/JaeYeong_Ko/Documents/Pico/pico-sdk/src/rp2_common/pico_printf/printf.c.obj
                0x100040bc                weak_raw_vprintf
 .text          0x100040ec       0x10 CMakeFiles/mong_proto.dir/C_/Users/JaeYeong_Ko/Documents/Pico/pico-sdk/src/rp2_common/pico_bit_ops/bit_ops_aeabi.S.obj
 .text.rom_func_lookup
                0x100040fc       0x10 CMakeFiles/mong_proto.dir/C_/Users/JaeYeong_Ko/Documents/Pico/pico-sdk/src/rp2_common/pico_bootrom/bootrom.c.obj
                0x100040fc                rom_func_lookup
 .text.rom_data_lookup
                0x1000410c       0x10 CMakeFiles/mong_proto.dir/C_/Users/JaeYeong_Ko/Documents/Pico/pico-sdk/src/rp2_common/pico_bootrom/bootrom.c.obj
                0x1000410c                rom_data_lookup
 .text.rom_funcs_lookup
                0x1000411c       0x44 CMakeFiles/mong_proto.dir/C_/Users/JaeYeong_Ko/Documents/Pico/pico-sdk/src/rp2_common/pico_bootrom/bootrom.c.obj
                0x1000411c                rom_funcs_lookup
 .text.__wrap___aeabi_idiv
                0x10004160       0x50 CMakeFiles/mong_proto.dir/C_/Users/JaeYeong_Ko/Documents/Pico/pico-sdk/src/rp2_common/pico_divider/divider.S.obj
                0x10004160                __wrap___aeabi_idivmod
                0x10004160                divmod_s32s32
                0x10004160                div_s32s32
                0x10004160                __wrap___aeabi_idiv
                0x10004168                divmod_s32s32_unsafe
                0x10004194                divmod_s32s32_savestate
 .text.__wrap___aeabi_uidiv
                0x100041b0       0x4c CMakeFiles/mong_proto.dir/C_/Users/JaeYeong_Ko/Documents/Pico/pico-sdk/src/rp2_common/pico_divider/divider.S.obj
                0x100041b0                __wrap___aeabi_uidiv
                0x100041b0                __wrap___aeabi_uidivmod
                0x100041b0                div_u32u32
                0x100041b0                divmod_u32u32
                0x100041b8                divmod_u32u32_unsafe
                0x100041e0                divmod_u32u32_savestate
 .text.__wrap___aeabi_ldiv
                0x100041fc      0x424 CMakeFiles/mong_proto.dir/C_/Users/JaeYeong_Ko/Documents/Pico/pico-sdk/src/rp2_common/pico_divider/divider.S.obj
                0x100041fc                div_s64s64
                0x100041fc                divmod_s64s64
                0x100041fc                __wrap___aeabi_ldivmod
                0x1000422c                divmod_u64u64
                0x1000422c                div_u64u64
                0x1000422c                __wrap___aeabi_uldivmod
                0x1000423c                divmod_u64u64_savestate
                0x1000425c                divmod_s64s64_unsafe
                0x100042e4                divmod_u64u64_unsafe
 .text.__wrap___aeabi_darithmetic
                0x10004620       0x80 CMakeFiles/mong_proto.dir/C_/Users/JaeYeong_Ko/Documents/Pico/pico-sdk/src/rp2_common/pico_double/double_aeabi.S.obj
                0x10004620                __wrap___aeabi_drsub
                0x10004626                __wrap___aeabi_dsub
                0x10004638                __wrap___aeabi_dadd
                0x1000464a                __wrap___aeabi_ddiv
                0x10004686                __wrap___aeabi_dmul
 .text.__wrap___aeabi_cdcmple
                0x100046a0       0x6c CMakeFiles/mong_proto.dir/C_/Users/JaeYeong_Ko/Documents/Pico/pico-sdk/src/rp2_common/pico_double/double_aeabi.S.obj
                0x100046a0                __wrap___aeabi_cdrcmple
                0x100046b0                __wrap___aeabi_cdcmpeq
                0x100046b0                __wrap___aeabi_cdcmple
 .text.__wrap___aeabi_dcmplt
                0x1000470c        0xc CMakeFiles/mong_proto.dir/C_/Users/JaeYeong_Ko/Documents/Pico/pico-sdk/src/rp2_common/pico_double/double_aeabi.S.obj
                0x1000470c                __wrap___aeabi_dcmplt
 .text.__wrap___aeabi_dcmple
                0x10004718       0x10 CMakeFiles/mong_proto.dir/C_/Users/JaeYeong_Ko/Documents/Pico/pico-sdk/src/rp2_common/pico_double/double_aeabi.S.obj
                0x10004718                __wrap___aeabi_dcmple
 .text.__wrap___aeabi_dcmpge
                0x10004728       0x10 CMakeFiles/mong_proto.dir/C_/Users/JaeYeong_Ko/Documents/Pico/pico-sdk/src/rp2_common/pico_double/double_aeabi.S.obj
                0x10004728                __wrap___aeabi_dcmpge
 .text.__wrap___aeabi_dcmpgt
                0x10004738        0xa CMakeFiles/mong_proto.dir/C_/Users/JaeYeong_Ko/Documents/Pico/pico-sdk/src/rp2_common/pico_double/double_aeabi.S.obj
                0x10004738                __wrap___aeabi_dcmpgt
 .text.__wrap___aeabi_dcmpun
                0x10004742       0x1c CMakeFiles/mong_proto.dir/C_/Users/JaeYeong_Ko/Documents/Pico/pico-sdk/src/rp2_common/pico_double/double_aeabi.S.obj
                0x10004742                __wrap___aeabi_dcmpun
 *fill*         0x1000475e        0x2 
 .text.__wrap___aeabi_i2d
                0x10004760       0x38 CMakeFiles/mong_proto.dir/C_/Users/JaeYeong_Ko/Documents/Pico/pico-sdk/src/rp2_common/pico_double/double_aeabi.S.obj
                0x10004760                __wrap___aeabi_ui2d
                0x10004768                __wrap___aeabi_i2d
 .text.__wrap___aeabi_d2iz
                0x10004798       0x48 CMakeFiles/mong_proto.dir/C_/Users/JaeYeong_Ko/Documents/Pico/pico-sdk/src/rp2_common/pico_double/double_aeabi.S.obj
                0x10004798                double2int_z
                0x10004798                __wrap___aeabi_d2iz
 .text.__wrap___aeabi_d2uiz
                0x100047e0       0x18 CMakeFiles/mong_proto.dir/C_/Users/JaeYeong_Ko/Documents/Pico/pico-sdk/src/rp2_common/pico_double/double_aeabi.S.obj
                0x100047e0                __wrap___aeabi_d2uiz
                0x100047e0                double2uint
 .text.__aeabi_double_init
                0x100047f8       0x94 CMakeFiles/mong_proto.dir/C_/Users/JaeYeong_Ko/Documents/Pico/pico-sdk/src/rp2_common/pico_double/double_init_rom.c.obj
                0x100047f8                __aeabi_double_init
 .text.double_table_shim_on_use_helper
                0x1000488c       0x2c CMakeFiles/mong_proto.dir/C_/Users/JaeYeong_Ko/Documents/Pico/pico-sdk/src/rp2_common/pico_double/double_v1_rom_shim.S.obj
                0x1000488c                double_table_shim_on_use_helper
 .text.__wrap___aeabi_dsub
                0x100048b8       0x10 CMakeFiles/mong_proto.dir/C_/Users/JaeYeong_Ko/Documents/Pico/pico-sdk/src/rp2_common/pico_double/double_v1_rom_shim.S.obj
                0x100048b8                drsub_shim
                0x100048be                dsub_shim
 .text.dadd_shim
                0x100048c8      0x15c CMakeFiles/mong_proto.dir/C_/Users/JaeYeong_Ko/Documents/Pico/pico-sdk/src/rp2_common/pico_double/double_v1_rom_shim.S.obj
                0x100048c8                dadd_shim
 .text.dmul_shim
                0x10004a24      0x15c CMakeFiles/mong_proto.dir/C_/Users/JaeYeong_Ko/Documents/Pico/pico-sdk/src/rp2_common/pico_double/double_v1_rom_shim.S.obj
                0x10004a24                dmul_shim
 .text.ddiv_shim
                0x10004b80      0x1b0 CMakeFiles/mong_proto.dir/C_/Users/JaeYeong_Ko/Documents/Pico/pico-sdk/src/rp2_common/pico_double/double_v1_rom_shim.S.obj
                0x10004b80                ddiv_shim
 .text.double2uint_shim
                0x10004d30        0xe CMakeFiles/mong_proto.dir/C_/Users/JaeYeong_Ko/Documents/Pico/pico-sdk/src/rp2_common/pico_double/double_v1_rom_shim.S.obj
                0x10004d30                double2uint_shim
                0x10004d32                double2ufix_shim
 *fill*         0x10004d3e        0x2 
 .text.double2uint64_shim
                0x10004d40       0x70 CMakeFiles/mong_proto.dir/C_/Users/JaeYeong_Ko/Documents/Pico/pico-sdk/src/rp2_common/pico_double/double_v1_rom_shim.S.obj
                0x10004d40                double2uint64_shim
                0x10004d42                double2ufix64_shim
                0x10004d62                d2fix_a
 .text.dunpacks
                0x10004db0       0x3c CMakeFiles/mong_proto.dir/C_/Users/JaeYeong_Ko/Documents/Pico/pico-sdk/src/rp2_common/pico_double/double_v1_rom_shim.S.obj
                0x10004db0                dunpacks
 .text.__aeabi_lmul
                0x10004dec       0x32 CMakeFiles/mong_proto.dir/C_/Users/JaeYeong_Ko/Documents/Pico/pico-sdk/src/rp2_common/pico_int64_ops/pico_int64_ops_aeabi.S.obj
                0x10004dec                __wrap___aeabi_lmul
 *fill*         0x10004e1e        0x2 
 .text.__wrap___aeabi_farithmetic
                0x10004e20       0x48 CMakeFiles/mong_proto.dir/C_/Users/JaeYeong_Ko/Documents/Pico/pico-sdk/src/rp2_common/pico_float/float_aeabi.S.obj
                0x10004e20                __wrap___aeabi_frsub
                0x10004e26                __wrap___aeabi_fsub
                0x10004e2c                __wrap___aeabi_fadd
                0x10004e32                __wrap___aeabi_fdiv
                0x10004e5a                __wrap___aeabi_fmul
 .text.__wrap___aeabi_i2f
                0x10004e68       0x44 CMakeFiles/mong_proto.dir/C_/Users/JaeYeong_Ko/Documents/Pico/pico-sdk/src/rp2_common/pico_float/float_aeabi.S.obj
                0x10004e68                __wrap___aeabi_i2f
 .text.__wrap___aeabi_f2uiz
                0x10004eac        0xc CMakeFiles/mong_proto.dir/C_/Users/JaeYeong_Ko/Documents/Pico/pico-sdk/src/rp2_common/pico_float/float_aeabi.S.obj
                0x10004eac                __wrap___aeabi_f2uiz
 .text.__aeabi_float_init
                0x10004eb8       0x64 CMakeFiles/mong_proto.dir/C_/Users/JaeYeong_Ko/Documents/Pico/pico-sdk/src/rp2_common/pico_float/float_init_rom.c.obj
                0x10004eb8                __aeabi_float_init
 .text.float_table_shim_on_use_helper
                0x10004f1c       0x2c CMakeFiles/mong_proto.dir/C_/Users/JaeYeong_Ko/Documents/Pico/pico-sdk/src/rp2_common/pico_float/float_v1_rom_shim.S.obj
                0x10004f1c                float_table_shim_on_use_helper
 .text.__wrap_malloc
                0x10004f48       0x3c CMakeFiles/mong_proto.dir/C_/Users/JaeYeong_Ko/Documents/Pico/pico-sdk/src/rp2_common/pico_malloc/pico_malloc.c.obj
                0x10004f48                __wrap_malloc
 .text          0x10004f84       0x10 CMakeFiles/mong_proto.dir/C_/Users/JaeYeong_Ko/Documents/Pico/pico-sdk/src/rp2_common/pico_mem_ops/mem_ops_aeabi.S.obj
                0x10004f84                __aeabi_mem_init
 .text.memset   0x10004f94        0xc CMakeFiles/mong_proto.dir/C_/Users/JaeYeong_Ko/Documents/Pico/pico-sdk/src/rp2_common/pico_mem_ops/mem_ops_aeabi.S.obj
                0x10004f94                __wrap_memset
 .text.memcpy   0x10004fa0        0xc CMakeFiles/mong_proto.dir/C_/Users/JaeYeong_Ko/Documents/Pico/pico-sdk/src/rp2_common/pico_mem_ops/mem_ops_aeabi.S.obj
                0x10004fa0                __wrap_memcpy
                0x10004fa0                __wrap___aeabi_memcpy
 .text.stdio_out_chars_no_crlf
                0x10004fac       0x10 CMakeFiles/mong_proto.dir/C_/Users/JaeYeong_Ko/Documents/Pico/pico-sdk/src/rp2_common/pico_stdio/stdio.c.obj
 .text.stdio_out_chars_crlf
                0x10004fbc       0xb4 CMakeFiles/mong_proto.dir/C_/Users/JaeYeong_Ko/Documents/Pico/pico-sdk/src/rp2_common/pico_stdio/stdio.c.obj
 .text.stdio_buffered_printer
                0x10005070       0x64 CMakeFiles/mong_proto.dir/C_/Users/JaeYeong_Ko/Documents/Pico/pico-sdk/src/rp2_common/pico_stdio/stdio.c.obj
 .text.stdio_put_string.isra.0
                0x100050d4       0xfc CMakeFiles/mong_proto.dir/C_/Users/JaeYeong_Ko/Documents/Pico/pico-sdk/src/rp2_common/pico_stdio/stdio.c.obj
 .text.__wrap_putchar
                0x100051d0       0x98 CMakeFiles/mong_proto.dir/C_/Users/JaeYeong_Ko/Documents/Pico/pico-sdk/src/rp2_common/pico_stdio/stdio.c.obj
                0x100051d0                __wrap_putchar
 .text.__wrap_puts
                0x10005268       0x3c CMakeFiles/mong_proto.dir/C_/Users/JaeYeong_Ko/Documents/Pico/pico-sdk/src/rp2_common/pico_stdio/stdio.c.obj
                0x10005268                __wrap_puts
 .text.stdio_set_driver_enabled
                0x100052a4       0x30 CMakeFiles/mong_proto.dir/C_/Users/JaeYeong_Ko/Documents/Pico/pico-sdk/src/rp2_common/pico_stdio/stdio.c.obj
                0x100052a4                stdio_set_driver_enabled
 .text.__wrap_vprintf
                0x100052d4       0xd8 CMakeFiles/mong_proto.dir/C_/Users/JaeYeong_Ko/Documents/Pico/pico-sdk/src/rp2_common/pico_stdio/stdio.c.obj
                0x100052d4                __wrap_vprintf
 .text.__wrap_printf
                0x100053ac       0x18 CMakeFiles/mong_proto.dir/C_/Users/JaeYeong_Ko/Documents/Pico/pico-sdk/src/rp2_common/pico_stdio/stdio.c.obj
                0x100053ac                __wrap_printf
 .text.stdio_init_all
                0x100053c4        0x8 CMakeFiles/mong_proto.dir/C_/Users/JaeYeong_Ko/Documents/Pico/pico-sdk/src/rp2_common/pico_stdio/stdio.c.obj
                0x100053c4                stdio_init_all
 .text.resetd_init
                0x100053cc        0x4 CMakeFiles/mong_proto.dir/C_/Users/JaeYeong_Ko/Documents/Pico/pico-sdk/src/rp2_common/pico_stdio_usb/reset_interface.c.obj
 .text.resetd_reset
                0x100053d0        0xc CMakeFiles/mong_proto.dir/C_/Users/JaeYeong_Ko/Documents/Pico/pico-sdk/src/rp2_common/pico_stdio_usb/reset_interface.c.obj
 .text.resetd_open
                0x100053dc       0x28 CMakeFiles/mong_proto.dir/C_/Users/JaeYeong_Ko/Documents/Pico/pico-sdk/src/rp2_common/pico_stdio_usb/reset_interface.c.obj
 .text.resetd_xfer_cb
                0x10005404        0x4 CMakeFiles/mong_proto.dir/C_/Users/JaeYeong_Ko/Documents/Pico/pico-sdk/src/rp2_common/pico_stdio_usb/reset_interface.c.obj
 .text.resetd_control_xfer_cb
                0x10005408       0x64 CMakeFiles/mong_proto.dir/C_/Users/JaeYeong_Ko/Documents/Pico/pico-sdk/src/rp2_common/pico_stdio_usb/reset_interface.c.obj
 .text.usbd_app_driver_get_cb
                0x1000546c        0xc CMakeFiles/mong_proto.dir/C_/Users/JaeYeong_Ko/Documents/Pico/pico-sdk/src/rp2_common/pico_stdio_usb/reset_interface.c.obj
                0x1000546c                usbd_app_driver_get_cb
 .text.tud_cdc_line_coding_cb
                0x10005478       0x34 CMakeFiles/mong_proto.dir/C_/Users/JaeYeong_Ko/Documents/Pico/pico-sdk/src/rp2_common/pico_stdio_usb/reset_interface.c.obj
                0x10005478                tud_cdc_line_coding_cb
 .text.stdio_usb_set_chars_available_callback
                0x100054ac       0x14 CMakeFiles/mong_proto.dir/C_/Users/JaeYeong_Ko/Documents/Pico/pico-sdk/src/rp2_common/pico_stdio_usb/stdio_usb.c.obj
                0x100054ac                stdio_usb_set_chars_available_callback
 .text.usb_irq  0x100054c0       0x10 CMakeFiles/mong_proto.dir/C_/Users/JaeYeong_Ko/Documents/Pico/pico-sdk/src/rp2_common/pico_stdio_usb/stdio_usb.c.obj
 .text.timer_task
                0x100054d0       0x54 CMakeFiles/mong_proto.dir/C_/Users/JaeYeong_Ko/Documents/Pico/pico-sdk/src/rp2_common/pico_stdio_usb/stdio_usb.c.obj
 .text.stdio_usb_in_chars
                0x10005524       0x90 CMakeFiles/mong_proto.dir/C_/Users/JaeYeong_Ko/Documents/Pico/pico-sdk/src/rp2_common/pico_stdio_usb/stdio_usb.c.obj
                0x10005524                stdio_usb_in_chars
 .text.stdio_usb_out_chars
                0x100055b4      0x100 CMakeFiles/mong_proto.dir/C_/Users/JaeYeong_Ko/Documents/Pico/pico-sdk/src/rp2_common/pico_stdio_usb/stdio_usb.c.obj
 .text.low_priority_worker_irq
                0x100056b4       0xa8 CMakeFiles/mong_proto.dir/C_/Users/JaeYeong_Ko/Documents/Pico/pico-sdk/src/rp2_common/pico_stdio_usb/stdio_usb.c.obj
 .text.tud_cdc_rx_cb
                0x1000575c       0x20 CMakeFiles/mong_proto.dir/C_/Users/JaeYeong_Ko/Documents/Pico/pico-sdk/src/rp2_common/pico_stdio_usb/stdio_usb.c.obj
                0x1000575c                tud_cdc_rx_cb
 .text.stdio_usb_init
                0x1000577c       0xdc CMakeFiles/mong_proto.dir/C_/Users/JaeYeong_Ko/Documents/Pico/pico-sdk/src/rp2_common/pico_stdio_usb/stdio_usb.c.obj
                0x1000577c                stdio_usb_init
 .text.tud_descriptor_device_cb
                0x10005858        0x8 CMakeFiles/mong_proto.dir/C_/Users/JaeYeong_Ko/Documents/Pico/pico-sdk/src/rp2_common/pico_stdio_usb/stdio_usb_descriptors.c.obj
                0x10005858                tud_descriptor_device_cb
 .text.tud_descriptor_configuration_cb
                0x10005860        0x8 CMakeFiles/mong_proto.dir/C_/Users/JaeYeong_Ko/Documents/Pico/pico-sdk/src/rp2_common/pico_stdio_usb/stdio_usb_descriptors.c.obj
                0x10005860                tud_descriptor_configuration_cb
 .text.tud_descriptor_string_cb
                0x10005868       0x74 CMakeFiles/mong_proto.dir/C_/Users/JaeYeong_Ko/Documents/Pico/pico-sdk/src/rp2_common/pico_stdio_usb/stdio_usb_descriptors.c.obj
                0x10005868                tud_descriptor_string_cb
 .text.startup._retrieve_unique_id_on_boot
                0x100058dc       0x10 CMakeFiles/mong_proto.dir/C_/Users/JaeYeong_Ko/Documents/Pico/pico-sdk/src/rp2_common/pico_unique_id/unique_id.c.obj
 .text.pico_get_unique_board_id
                0x100058ec       0x10 CMakeFiles/mong_proto.dir/C_/Users/JaeYeong_Ko/Documents/Pico/pico-sdk/src/rp2_common/pico_unique_id/unique_id.c.obj
                0x100058ec                pico_get_unique_board_id
 .text.pico_get_unique_board_id_string
                0x100058fc      0x1a8 CMakeFiles/mong_proto.dir/C_/Users/JaeYeong_Ko/Documents/Pico/pico-sdk/src/rp2_common/pico_unique_id/unique_id.c.obj
                0x100058fc                pico_get_unique_board_id_string
 .text.flash_get_unique_id
                0x10005aa4       0x40 CMakeFiles/mong_proto.dir/C_/Users/JaeYeong_Ko/Documents/Pico/pico-sdk/src/rp2_common/hardware_flash/flash.c.obj
                0x10005aa4                flash_get_unique_id
 .text.dcd_int_enable
                0x10005ae4        0xc CMakeFiles/mong_proto.dir/C_/Users/JaeYeong_Ko/Documents/Pico/pico-sdk/lib/tinyusb/src/portable/raspberrypi/rp2040/dcd_rp2040.c.obj
                0x10005ae4                dcd_int_enable
 .text.dcd_set_address
                0x10005af0       0x14 CMakeFiles/mong_proto.dir/C_/Users/JaeYeong_Ko/Documents/Pico/pico-sdk/lib/tinyusb/src/portable/raspberrypi/rp2040/dcd_rp2040.c.obj
                0x10005af0                dcd_set_address
 .text.dcd_connect
                0x10005b04       0x10 CMakeFiles/mong_proto.dir/C_/Users/JaeYeong_Ko/Documents/Pico/pico-sdk/lib/tinyusb/src/portable/raspberrypi/rp2040/dcd_rp2040.c.obj
                0x10005b04                dcd_connect
 .text.dcd_init
                0x10005b14       0x98 CMakeFiles/mong_proto.dir/C_/Users/JaeYeong_Ko/Documents/Pico/pico-sdk/lib/tinyusb/src/portable/raspberrypi/rp2040/dcd_rp2040.c.obj
                0x10005b14                dcd_init
 .text.dcd_edpt0_status_complete
                0x10005bac       0x1c CMakeFiles/mong_proto.dir/C_/Users/JaeYeong_Ko/Documents/Pico/pico-sdk/lib/tinyusb/src/portable/raspberrypi/rp2040/dcd_rp2040.c.obj
                0x10005bac                dcd_edpt0_status_complete
 .text.dcd_edpt_open
                0x10005bc8      0x108 CMakeFiles/mong_proto.dir/C_/Users/JaeYeong_Ko/Documents/Pico/pico-sdk/lib/tinyusb/src/portable/raspberrypi/rp2040/dcd_rp2040.c.obj
                0x10005bc8                dcd_edpt_open
 .text.dcd_edpt_close_all
                0x10005cd0        0x8 CMakeFiles/mong_proto.dir/C_/Users/JaeYeong_Ko/Documents/Pico/pico-sdk/lib/tinyusb/src/portable/raspberrypi/rp2040/dcd_rp2040.c.obj
                0x10005cd0                dcd_edpt_close_all
 .text.dcd_edpt_xfer
                0x10005cd8       0x24 CMakeFiles/mong_proto.dir/C_/Users/JaeYeong_Ko/Documents/Pico/pico-sdk/lib/tinyusb/src/portable/raspberrypi/rp2040/dcd_rp2040.c.obj
                0x10005cd8                dcd_edpt_xfer
 .text.dcd_edpt_stall
                0x10005cfc       0x38 CMakeFiles/mong_proto.dir/C_/Users/JaeYeong_Ko/Documents/Pico/pico-sdk/lib/tinyusb/src/portable/raspberrypi/rp2040/dcd_rp2040.c.obj
                0x10005cfc                dcd_edpt_stall
 .text.dcd_edpt_clear_stall
                0x10005d34       0x30 CMakeFiles/mong_proto.dir/C_/Users/JaeYeong_Ko/Documents/Pico/pico-sdk/lib/tinyusb/src/portable/raspberrypi/rp2040/dcd_rp2040.c.obj
                0x10005d34                dcd_edpt_clear_stall
 .text.rp2040_usb_init
                0x10005d64       0x4c CMakeFiles/mong_proto.dir/C_/Users/JaeYeong_Ko/Documents/Pico/pico-sdk/lib/tinyusb/src/portable/raspberrypi/rp2040/rp2040_usb.c.obj
                0x10005d64                rp2040_usb_init
 .text.hw_endpoint_xfer_start
                0x10005db0       0x50 CMakeFiles/mong_proto.dir/C_/Users/JaeYeong_Ko/Documents/Pico/pico-sdk/lib/tinyusb/src/portable/raspberrypi/rp2040/rp2040_usb.c.obj
                0x10005db0                hw_endpoint_xfer_start
 .text.tud_mounted
                0x10005e00       0x10 CMakeFiles/mong_proto.dir/C_/Users/JaeYeong_Ko/Documents/Pico/pico-sdk/lib/tinyusb/src/device/usbd.c.obj
                0x10005e00                tud_mounted
 .text.tud_suspended
                0x10005e10       0x10 CMakeFiles/mong_proto.dir/C_/Users/JaeYeong_Ko/Documents/Pico/pico-sdk/lib/tinyusb/src/device/usbd.c.obj
                0x10005e10                tud_suspended
 .text.tud_inited
                0x10005e20       0x14 CMakeFiles/mong_proto.dir/C_/Users/JaeYeong_Ko/Documents/Pico/pico-sdk/lib/tinyusb/src/device/usbd.c.obj
                0x10005e20                tud_inited
 .text.tud_init
                0x10005e34       0xe4 CMakeFiles/mong_proto.dir/C_/Users/JaeYeong_Ko/Documents/Pico/pico-sdk/lib/tinyusb/src/device/usbd.c.obj
                0x10005e34                tud_init
 .text.tud_task_ext
                0x10005f18      0x854 CMakeFiles/mong_proto.dir/C_/Users/JaeYeong_Ko/Documents/Pico/pico-sdk/lib/tinyusb/src/device/usbd.c.obj
                0x10005f18                tud_task_ext
 .text.usbd_open_edpt_pair
                0x1000676c       0x9c CMakeFiles/mong_proto.dir/C_/Users/JaeYeong_Ko/Documents/Pico/pico-sdk/lib/tinyusb/src/device/usbd.c.obj
                0x1000676c                usbd_open_edpt_pair
 .text.usbd_defer_func
                0x10006808       0x48 CMakeFiles/mong_proto.dir/C_/Users/JaeYeong_Ko/Documents/Pico/pico-sdk/lib/tinyusb/src/device/usbd.c.obj
                0x10006808                usbd_defer_func
 .text.usbd_edpt_open
                0x10006850       0x34 CMakeFiles/mong_proto.dir/C_/Users/JaeYeong_Ko/Documents/Pico/pico-sdk/lib/tinyusb/src/device/usbd.c.obj
                0x10006850                usbd_edpt_open
 .text.usbd_edpt_claim
                0x10006884       0x28 CMakeFiles/mong_proto.dir/C_/Users/JaeYeong_Ko/Documents/Pico/pico-sdk/lib/tinyusb/src/device/usbd.c.obj
                0x10006884                usbd_edpt_claim
 .text.usbd_edpt_release
                0x100068ac       0x28 CMakeFiles/mong_proto.dir/C_/Users/JaeYeong_Ko/Documents/Pico/pico-sdk/lib/tinyusb/src/device/usbd.c.obj
                0x100068ac                usbd_edpt_release
 .text.usbd_edpt_xfer
                0x100068d4       0x4c CMakeFiles/mong_proto.dir/C_/Users/JaeYeong_Ko/Documents/Pico/pico-sdk/lib/tinyusb/src/device/usbd.c.obj
                0x100068d4                usbd_edpt_xfer
 .text.tud_control_status
                0x10006920       0x30 CMakeFiles/mong_proto.dir/C_/Users/JaeYeong_Ko/Documents/Pico/pico-sdk/lib/tinyusb/src/device/usbd_control.c.obj
                0x10006920                tud_control_status
 .text.tud_control_xfer
                0x10006950       0xbc CMakeFiles/mong_proto.dir/C_/Users/JaeYeong_Ko/Documents/Pico/pico-sdk/lib/tinyusb/src/device/usbd_control.c.obj
                0x10006950                tud_control_xfer
 .text.usbd_control_reset
                0x10006a0c       0x14 CMakeFiles/mong_proto.dir/C_/Users/JaeYeong_Ko/Documents/Pico/pico-sdk/lib/tinyusb/src/device/usbd_control.c.obj
                0x10006a0c                usbd_control_reset
 .text.usbd_control_set_complete_callback
                0x10006a20        0xc CMakeFiles/mong_proto.dir/C_/Users/JaeYeong_Ko/Documents/Pico/pico-sdk/lib/tinyusb/src/device/usbd_control.c.obj
                0x10006a20                usbd_control_set_complete_callback
 .text.usbd_control_set_request
                0x10006a2c       0x1c CMakeFiles/mong_proto.dir/C_/Users/JaeYeong_Ko/Documents/Pico/pico-sdk/lib/tinyusb/src/device/usbd_control.c.obj
                0x10006a2c                usbd_control_set_request
 .text.usbd_control_xfer_cb
                0x10006a48       0xfc CMakeFiles/mong_proto.dir/C_/Users/JaeYeong_Ko/Documents/Pico/pico-sdk/lib/tinyusb/src/device/usbd_control.c.obj
                0x10006a48                usbd_control_xfer_cb
 .text.tud_cdc_n_connected
                0x10006b44       0x30 CMakeFiles/mong_proto.dir/C_/Users/JaeYeong_Ko/Documents/Pico/pico-sdk/lib/tinyusb/src/class/cdc/cdc_device.c.obj
                0x10006b44                tud_cdc_n_connected
 .text.tud_cdc_n_available
                0x10006b74       0x18 CMakeFiles/mong_proto.dir/C_/Users/JaeYeong_Ko/Documents/Pico/pico-sdk/lib/tinyusb/src/class/cdc/cdc_device.c.obj
                0x10006b74                tud_cdc_n_available
 .text.tud_cdc_n_read
                0x10006b8c       0x70 CMakeFiles/mong_proto.dir/C_/Users/JaeYeong_Ko/Documents/Pico/pico-sdk/lib/tinyusb/src/class/cdc/cdc_device.c.obj
                0x10006b8c                tud_cdc_n_read
 .text.tud_cdc_n_write_flush
                0x10006bfc       0x78 CMakeFiles/mong_proto.dir/C_/Users/JaeYeong_Ko/Documents/Pico/pico-sdk/lib/tinyusb/src/class/cdc/cdc_device.c.obj
                0x10006bfc                tud_cdc_n_write_flush
 .text.tud_cdc_n_write
                0x10006c74       0x34 CMakeFiles/mong_proto.dir/C_/Users/JaeYeong_Ko/Documents/Pico/pico-sdk/lib/tinyusb/src/class/cdc/cdc_device.c.obj
                0x10006c74                tud_cdc_n_write
 .text.tud_cdc_n_write_available
                0x10006ca8       0x18 CMakeFiles/mong_proto.dir/C_/Users/JaeYeong_Ko/Documents/Pico/pico-sdk/lib/tinyusb/src/class/cdc/cdc_device.c.obj
                0x10006ca8                tud_cdc_n_write_available
 .text.cdcd_init
                0x10006cc0       0x7c CMakeFiles/mong_proto.dir/C_/Users/JaeYeong_Ko/Documents/Pico/pico-sdk/lib/tinyusb/src/class/cdc/cdc_device.c.obj
                0x10006cc0                cdcd_init
 .text.cdcd_reset
                0x10006d3c       0x2c CMakeFiles/mong_proto.dir/C_/Users/JaeYeong_Ko/Documents/Pico/pico-sdk/lib/tinyusb/src/class/cdc/cdc_device.c.obj
                0x10006d3c                cdcd_reset
 .text.cdcd_open
                0x10006d68       0xe8 CMakeFiles/mong_proto.dir/C_/Users/JaeYeong_Ko/Documents/Pico/pico-sdk/lib/tinyusb/src/class/cdc/cdc_device.c.obj
                0x10006d68                cdcd_open
 .text.cdcd_control_xfer_cb
                0x10006e50       0xe4 CMakeFiles/mong_proto.dir/C_/Users/JaeYeong_Ko/Documents/Pico/pico-sdk/lib/tinyusb/src/class/cdc/cdc_device.c.obj
                0x10006e50                cdcd_control_xfer_cb
 .text.cdcd_xfer_cb
                0x10006f34      0x148 CMakeFiles/mong_proto.dir/C_/Users/JaeYeong_Ko/Documents/Pico/pico-sdk/lib/tinyusb/src/class/cdc/cdc_device.c.obj
                0x10006f34                cdcd_xfer_cb
 .text.tusb_init
                0x1000707c        0xc CMakeFiles/mong_proto.dir/C_/Users/JaeYeong_Ko/Documents/Pico/pico-sdk/lib/tinyusb/src/tusb.c.obj
                0x1000707c                tusb_init
 .text.tusb_inited
                0x10007088        0x8 CMakeFiles/mong_proto.dir/C_/Users/JaeYeong_Ko/Documents/Pico/pico-sdk/lib/tinyusb/src/tusb.c.obj
                0x10007088                tusb_inited
 .text.tu_edpt_claim
                0x10007090       0x50 CMakeFiles/mong_proto.dir/C_/Users/JaeYeong_Ko/Documents/Pico/pico-sdk/lib/tinyusb/src/tusb.c.obj
                0x10007090                tu_edpt_claim
 .text.tu_edpt_release
                0x100070e0       0x38 CMakeFiles/mong_proto.dir/C_/Users/JaeYeong_Ko/Documents/Pico/pico-sdk/lib/tinyusb/src/tusb.c.obj
                0x100070e0                tu_edpt_release
 .text.tu_edpt_validate
                0x10007118       0x78 CMakeFiles/mong_proto.dir/C_/Users/JaeYeong_Ko/Documents/Pico/pico-sdk/lib/tinyusb/src/tusb.c.obj
                0x10007118                tu_edpt_validate
 .text.tu_edpt_bind_driver
                0x10007190       0x34 CMakeFiles/mong_proto.dir/C_/Users/JaeYeong_Ko/Documents/Pico/pico-sdk/lib/tinyusb/src/tusb.c.obj
                0x10007190                tu_edpt_bind_driver
 .text.tu_fifo_config
                0x100071c4       0x70 CMakeFiles/mong_proto.dir/C_/Users/JaeYeong_Ko/Documents/Pico/pico-sdk/lib/tinyusb/src/common/tusb_fifo.c.obj
                0x100071c4                tu_fifo_config
 .text.tu_fifo_count
                0x10007234       0x2c CMakeFiles/mong_proto.dir/C_/Users/JaeYeong_Ko/Documents/Pico/pico-sdk/lib/tinyusb/src/common/tusb_fifo.c.obj
                0x10007234                tu_fifo_count
 .text.tu_fifo_empty
                0x10007260       0x10 CMakeFiles/mong_proto.dir/C_/Users/JaeYeong_Ko/Documents/Pico/pico-sdk/lib/tinyusb/src/common/tusb_fifo.c.obj
                0x10007260                tu_fifo_empty
 .text.tu_fifo_remaining
                0x10007270       0x2c CMakeFiles/mong_proto.dir/C_/Users/JaeYeong_Ko/Documents/Pico/pico-sdk/lib/tinyusb/src/common/tusb_fifo.c.obj
                0x10007270                tu_fifo_remaining
 .text.tu_fifo_read
                0x1000729c       0xa0 CMakeFiles/mong_proto.dir/C_/Users/JaeYeong_Ko/Documents/Pico/pico-sdk/lib/tinyusb/src/common/tusb_fifo.c.obj
                0x1000729c                tu_fifo_read
 .text.tu_fifo_read_n
                0x1000733c       0xec CMakeFiles/mong_proto.dir/C_/Users/JaeYeong_Ko/Documents/Pico/pico-sdk/lib/tinyusb/src/common/tusb_fifo.c.obj
                0x1000733c                tu_fifo_read_n
 .text.tu_fifo_write
                0x10007428       0x88 CMakeFiles/mong_proto.dir/C_/Users/JaeYeong_Ko/Documents/Pico/pico-sdk/lib/tinyusb/src/common/tusb_fifo.c.obj
                0x10007428                tu_fifo_write
 .text.tu_fifo_write_n
                0x100074b0      0x168 CMakeFiles/mong_proto.dir/C_/Users/JaeYeong_Ko/Documents/Pico/pico-sdk/lib/tinyusb/src/common/tusb_fifo.c.obj
                0x100074b0                tu_fifo_write_n
 .text.tu_fifo_clear
                0x10007618       0x40 CMakeFiles/mong_proto.dir/C_/Users/JaeYeong_Ko/Documents/Pico/pico-sdk/lib/tinyusb/src/common/tusb_fifo.c.obj
                0x10007618                tu_fifo_clear
 .text.tu_fifo_set_overwritable
                0x10007658       0x48 CMakeFiles/mong_proto.dir/C_/Users/JaeYeong_Ko/Documents/Pico/pico-sdk/lib/tinyusb/src/common/tusb_fifo.c.obj
                0x10007658                tu_fifo_set_overwritable
 .text.splitmix64
                0x100076a0       0x5c CMakeFiles/mong_proto.dir/C_/Users/JaeYeong_Ko/Documents/Pico/pico-sdk/src/rp2_common/pico_rand/rand.c.obj
 .text.xoroshiro128ss
                0x100076fc       0x90 CMakeFiles/mong_proto.dir/C_/Users/JaeYeong_Ko/Documents/Pico/pico-sdk/src/rp2_common/pico_rand/rand.c.obj
 .text.get_rand_64
                0x1000778c      0x484 CMakeFiles/mong_proto.dir/C_/Users/JaeYeong_Ko/Documents/Pico/pico-sdk/src/rp2_common/pico_rand/rand.c.obj
                0x1000778c                get_rand_64
 .text.get_rand_32
                0x10007c10        0x8 CMakeFiles/mong_proto.dir/C_/Users/JaeYeong_Ko/Documents/Pico/pico-sdk/src/rp2_common/pico_rand/rand.c.obj
                0x10007c10                get_rand_32
 .text.i2c_set_baudrate
                0x10007c18       0xc4 CMakeFiles/mong_proto.dir/C_/Users/JaeYeong_Ko/Documents/Pico/pico-sdk/src/rp2_common/hardware_i2c/i2c.c.obj
                0x10007c18                i2c_set_baudrate
 .text.i2c_init
                0x10007cdc       0x54 CMakeFiles/mong_proto.dir/C_/Users/JaeYeong_Ko/Documents/Pico/pico-sdk/src/rp2_common/hardware_i2c/i2c.c.obj
                0x10007cdc                i2c_init
 .text.i2c_write_blocking
                0x10007d30       0xd0 CMakeFiles/mong_proto.dir/C_/Users/JaeYeong_Ko/Documents/Pico/pico-sdk/src/rp2_common/hardware_i2c/i2c.c.obj
                0x10007d30                i2c_write_blocking
 .text.malloc   0x10007e00       0x14 c:/progra~2/gnuarm~1/102021~1.10/bin/../lib/gcc/arm-none-eabi/10.3.1/../../../../arm-none-eabi/lib/thumb/v6-m/nofp\libc.a(lib_a-malloc.o)
                0x10007e00                malloc
 .text._malloc_r
                0x10007e14      0x584 c:/progra~2/gnuarm~1/102021~1.10/bin/../lib/gcc/arm-none-eabi/10.3.1/../../../../arm-none-eabi/lib/thumb/v6-m/nofp\libc.a(lib_a-mallocr.o)
                0x10007e14                _malloc_r
 .text.__malloc_lock
                0x10008398       0x10 c:/progra~2/gnuarm~1/102021~1.10/bin/../lib/gcc/arm-none-eabi/10.3.1/../../../../arm-none-eabi/lib/thumb/v6-m/nofp\libc.a(lib_a-mlock.o)
                0x10008398                __malloc_lock
 .text.__malloc_unlock
                0x100083a8       0x10 c:/progra~2/gnuarm~1/102021~1.10/bin/../lib/gcc/arm-none-eabi/10.3.1/../../../../arm-none-eabi/lib/thumb/v6-m/nofp\libc.a(lib_a-mlock.o)
                0x100083a8                __malloc_unlock
 .text._sbrk_r  0x100083b8       0x24 c:/progra~2/gnuarm~1/102021~1.10/bin/../lib/gcc/arm-none-eabi/10.3.1/../../../../arm-none-eabi/lib/thumb/v6-m/nofp\libc.a(lib_a-sbrkr.o)
                0x100083b8                _sbrk_r
 .text.strlen   0x100083dc       0x5c c:/progra~2/gnuarm~1/102021~1.10/bin/../lib/gcc/arm-none-eabi/10.3.1/../../../../arm-none-eabi/lib/thumb/v6-m/nofp\libc.a(lib_a-strlen-stub.o)
                0x100083dc                strlen
 .text._malloc_trim_r
                0x10008438       0x9c c:/progra~2/gnuarm~1/102021~1.10/bin/../lib/gcc/arm-none-eabi/10.3.1/../../../../arm-none-eabi/lib/thumb/v6-m/nofp\libc.a(lib_a-freer.o)
                0x10008438                _malloc_trim_r
 .text._free_r  0x100084d4      0x1c4 c:/progra~2/gnuarm~1/102021~1.10/bin/../lib/gcc/arm-none-eabi/10.3.1/../../../../arm-none-eabi/lib/thumb/v6-m/nofp\libc.a(lib_a-freer.o)
                0x100084d4                _free_r
 .text.__retarget_lock_acquire_recursive
                0x10008698        0x4 c:/progra~2/gnuarm~1/102021~1.10/bin/../lib/gcc/arm-none-eabi/10.3.1/../../../../arm-none-eabi/lib/thumb/v6-m/nofp\libc.a(lib_a-lock.o)
                0x10008698                __retarget_lock_acquire_recursive
 .text.__retarget_lock_release_recursive
                0x1000869c        0x4 c:/progra~2/gnuarm~1/102021~1.10/bin/../lib/gcc/arm-none-eabi/10.3.1/../../../../arm-none-eabi/lib/thumb/v6-m/nofp\libc.a(lib_a-lock.o)
                0x1000869c                __retarget_lock_release_recursive
 *(.fini)
 .fini          0x100086a0        0x4 c:/progra~2/gnuarm~1/102021~1.10/bin/../lib/gcc/arm-none-eabi/10.3.1/thumb/v6-m/nofp/crti.o
                0x100086a0                _fini
 *fill*         0x100086a4        0x4 
 .fini.__stub   0x100086a8       0xe0 linker stubs
 *crtbegin.o(.ctors)
 *crtbegin?.o(.ctors)
 *(EXCLUDE_FILE(*crtend.o *crtend?.o) .ctors)
 *(SORT_BY_NAME(.ctors.*))
 *(.ctors)
 *crtbegin.o(.dtors)
 *crtbegin?.o(.dtors)
 *(EXCLUDE_FILE(*crtend.o *crtend?.o) .dtors)
 *(SORT_BY_NAME(.dtors.*))
 *(.dtors)
 *(.eh_frame*)
 .eh_frame      0x10008788        0x0 c:/progra~2/gnuarm~1/102021~1.10/bin/../lib/gcc/arm-none-eabi/10.3.1/thumb/v6-m/nofp/crtbegin.o
                0x10008788                . = ALIGN (0x4)

.glue_7         0x10008788        0x0
 .glue_7        0x10008788        0x0 linker stubs

.glue_7t        0x10008788        0x0
 .glue_7t       0x10008788        0x0 linker stubs

.vfp11_veneer   0x10008788        0x0
 .vfp11_veneer  0x10008788        0x0 linker stubs

.v4_bx          0x10008788        0x0
 .v4_bx         0x10008788        0x0 linker stubs

.iplt           0x10008788        0x0
 .iplt          0x10008788        0x0 c:/progra~2/gnuarm~1/102021~1.10/bin/../lib/gcc/arm-none-eabi/10.3.1/thumb/v6-m/nofp/crtbegin.o

.rodata         0x10008788      0xf00
 *(EXCLUDE_FILE(*libm.a: *libc.a:*lib_a-mem*.o *libgcc.a:) .rodata*)
 .rodata.battle_phase.str1.4
                0x10008788       0x15 CMakeFiles/mong_proto.dir/main.c.obj
 *fill*         0x1000879d        0x3 
 .rodata.tamagotchi.str1.4
                0x100087a0        0x8 CMakeFiles/mong_proto.dir/main.c.obj
 .rodata.agu_growl
                0x100087a8      0x1bf CMakeFiles/mong_proto.dir/main.c.obj
 *fill*         0x10008967        0x1 
 .rodata.agu_move1
                0x10008968      0x1bf CMakeFiles/mong_proto.dir/main.c.obj
 *fill*         0x10008b27        0x1 
 .rodata.agu_move2
                0x10008b28      0x1bf CMakeFiles/mong_proto.dir/main.c.obj
 *fill*         0x10008ce7        0x1 
 .rodata.papimon_1
                0x10008ce8       0xbf CMakeFiles/mong_proto.dir/main.c.obj
 *fill*         0x10008da7        0x1 
 .rodata.papimon_2
                0x10008da8       0xbf CMakeFiles/mong_proto.dir/main.c.obj
 *fill*         0x10008e67        0x1 
 .rodata.papimon_growl
                0x10008e68       0xbf CMakeFiles/mong_proto.dir/main.c.obj
 *fill*         0x10008f27        0x1 
 .rodata.ssd1306_init.str1.4
                0x10008f28       0x3f CMakeFiles/mong_proto.dir/Disp/Ssd1306/ssd1306.c.obj
 *fill*         0x10008f67        0x1 
 .rodata.ssd1306_show.str1.4
                0x10008f68        0xd CMakeFiles/mong_proto.dir/Disp/Ssd1306/ssd1306.c.obj
 *fill*         0x10008f75        0x3 
 .rodata.font_8x5
                0x10008f78      0x1e0 CMakeFiles/mong_proto.dir/Disp/Ssd1306/ssd1306.c.obj
                0x10008f78                font_8x5
 .rodata.spin_lock_claim_unused.str1.4
                0x10009158       0x1b CMakeFiles/mong_proto.dir/C_/Users/JaeYeong_Ko/Documents/Pico/pico-sdk/src/rp2_common/hardware_sync/sync.c.obj
 *fill*         0x10009173        0x1 
 .rodata.user_irq_claim_unused.str1.4
                0x10009174       0x1b CMakeFiles/mong_proto.dir/C_/Users/JaeYeong_Ko/Documents/Pico/pico-sdk/src/rp2_common/hardware_irq/irq.c.obj
 *fill*         0x1000918f        0x1 
 .rodata.hardware_alarm_claim.str1.4
                0x10009190       0x22 CMakeFiles/mong_proto.dir/C_/Users/JaeYeong_Ko/Documents/Pico/pico-sdk/src/rp2_common/hardware_timer/timer.c.obj
 *fill*         0x100091b2        0x2 
 .rodata.panic.str1.4
                0x100091b4       0x12 CMakeFiles/mong_proto.dir/C_/Users/JaeYeong_Ko/Documents/Pico/pico-sdk/src/rp2_common/pico_runtime/runtime.c.obj
 *fill*         0x100091c6        0x2 
 .rodata.hard_assertion_failure.str1.4
                0x100091c8        0xc CMakeFiles/mong_proto.dir/C_/Users/JaeYeong_Ko/Documents/Pico/pico-sdk/src/rp2_common/pico_runtime/runtime.c.obj
 .rodata._ftoa.str1.4
                0x100091d4       0x15 CMakeFiles/mong_proto.dir/C_/Users/JaeYeong_Ko/Documents/Pico/pico-sdk/src/rp2_common/pico_printf/printf.c.obj
 *fill*         0x100091e9        0x3 
 .rodata._vsnprintf
                0x100091ec      0x1e0 CMakeFiles/mong_proto.dir/C_/Users/JaeYeong_Ko/Documents/Pico/pico-sdk/src/rp2_common/pico_printf/printf.c.obj
 *fill*         0x100093cc        0x4 
 .rodata.pow10.0
                0x100093d0       0x50 CMakeFiles/mong_proto.dir/C_/Users/JaeYeong_Ko/Documents/Pico/pico-sdk/src/rp2_common/pico_printf/printf.c.obj
 .rodata.__wrap_malloc.str1.4
                0x10009420        0xe CMakeFiles/mong_proto.dir/C_/Users/JaeYeong_Ko/Documents/Pico/pico-sdk/src/rp2_common/pico_malloc/pico_malloc.c.obj
 *fill*         0x1000942e        0x2 
 .rodata.str1.4
                0x10009430       0x40 CMakeFiles/mong_proto.dir/C_/Users/JaeYeong_Ko/Documents/Pico/pico-sdk/src/rp2_common/pico_standard_link/binary_info.c.obj
 .rodata.__bi_44
                0x10009470        0xc CMakeFiles/mong_proto.dir/C_/Users/JaeYeong_Ko/Documents/Pico/pico-sdk/src/rp2_common/pico_standard_link/binary_info.c.obj
 .rodata.__bi_75
                0x1000947c        0xc CMakeFiles/mong_proto.dir/C_/Users/JaeYeong_Ko/Documents/Pico/pico-sdk/src/rp2_common/pico_standard_link/binary_info.c.obj
 .rodata.__bi_81
                0x10009488        0xc CMakeFiles/mong_proto.dir/C_/Users/JaeYeong_Ko/Documents/Pico/pico-sdk/src/rp2_common/pico_standard_link/binary_info.c.obj
 .rodata.crlf_str.0
                0x10009494        0x2 CMakeFiles/mong_proto.dir/C_/Users/JaeYeong_Ko/Documents/Pico/pico-sdk/src/rp2_common/pico_stdio/stdio.c.obj
 *fill*         0x10009496        0x2 
 .rodata._resetd_driver
                0x10009498       0x18 CMakeFiles/mong_proto.dir/C_/Users/JaeYeong_Ko/Documents/Pico/pico-sdk/src/rp2_common/pico_stdio_usb/reset_interface.c.obj
 .rodata.str1.4
                0x100094b0       0x13 CMakeFiles/mong_proto.dir/C_/Users/JaeYeong_Ko/Documents/Pico/pico-sdk/src/rp2_common/pico_stdio_usb/stdio_usb.c.obj
 *fill*         0x100094c3        0x1 
 .rodata.__bi_182.0
                0x100094c4        0xc CMakeFiles/mong_proto.dir/C_/Users/JaeYeong_Ko/Documents/Pico/pico-sdk/src/rp2_common/pico_stdio_usb/stdio_usb.c.obj
 .rodata.str1.4
                0x100094d0       0x2a CMakeFiles/mong_proto.dir/C_/Users/JaeYeong_Ko/Documents/Pico/pico-sdk/src/rp2_common/pico_stdio_usb/stdio_usb_descriptors.c.obj
 *fill*         0x100094fa        0x2 
 .rodata.usbd_desc_cfg
                0x100094fc       0x54 CMakeFiles/mong_proto.dir/C_/Users/JaeYeong_Ko/Documents/Pico/pico-sdk/src/rp2_common/pico_stdio_usb/stdio_usb_descriptors.c.obj
 .rodata.usbd_desc_device
                0x10009550       0x12 CMakeFiles/mong_proto.dir/C_/Users/JaeYeong_Ko/Documents/Pico/pico-sdk/src/rp2_common/pico_stdio_usb/stdio_usb_descriptors.c.obj
 *fill*         0x10009562        0x2 
 .rodata.usbd_desc_str
                0x10009564       0x18 CMakeFiles/mong_proto.dir/C_/Users/JaeYeong_Ko/Documents/Pico/pico-sdk/src/rp2_common/pico_stdio_usb/stdio_usb_descriptors.c.obj
 .rodata.str1.4
                0x1000957c       0x14 CMakeFiles/mong_proto.dir/C_/Users/JaeYeong_Ko/Documents/Pico/pico-sdk/lib/tinyusb/src/portable/raspberrypi/rp2040/dcd_rp2040.c.obj
 .rodata.str1.4
                0x10009590       0x53 CMakeFiles/mong_proto.dir/C_/Users/JaeYeong_Ko/Documents/Pico/pico-sdk/lib/tinyusb/src/portable/raspberrypi/rp2040/rp2040_usb.c.obj
 *fill*         0x100095e3        0x1 
 .rodata.tud_task_ext
                0x100095e4       0x8c CMakeFiles/mong_proto.dir/C_/Users/JaeYeong_Ko/Documents/Pico/pico-sdk/lib/tinyusb/src/device/usbd.c.obj
 .rodata._usbd_driver
                0x10009670       0x18 CMakeFiles/mong_proto.dir/C_/Users/JaeYeong_Ko/Documents/Pico/pico-sdk/lib/tinyusb/src/device/usbd.c.obj
                0x10009688                . = ALIGN (0x4)
 *(SORT_BY_ALIGNMENT(SORT_BY_NAME(.flashdata*)))
                0x10009688                . = ALIGN (0x4)

.ARM.extab
 *(.ARM.extab* .gnu.linkonce.armextab.*)
                0x10009688                __exidx_start = .

.ARM.exidx
 *(.ARM.exidx* .gnu.linkonce.armexidx.*)
                0x10009688                __exidx_end = .
                0x10009688                . = ALIGN (0x4)
                0x10009688                __binary_info_start = .

.binary_info    0x10009688       0x20
 *(.binary_info.keep.*)
 .binary_info.keep.__bi_ptr22
                0x10009688        0x4 CMakeFiles/mong_proto.dir/C_/Users/JaeYeong_Ko/Documents/Pico/pico-sdk/src/rp2_common/pico_standard_link/binary_info.c.obj
 .binary_info.keep.__bi_ptr30
                0x1000968c        0x4 CMakeFiles/mong_proto.dir/C_/Users/JaeYeong_Ko/Documents/Pico/pico-sdk/src/rp2_common/pico_standard_link/binary_info.c.obj
 .binary_info.keep.__bi_ptr38
                0x10009690        0x4 CMakeFiles/mong_proto.dir/C_/Users/JaeYeong_Ko/Documents/Pico/pico-sdk/src/rp2_common/pico_standard_link/binary_info.c.obj
 .binary_info.keep.__bi_ptr44
                0x10009694        0x4 CMakeFiles/mong_proto.dir/C_/Users/JaeYeong_Ko/Documents/Pico/pico-sdk/src/rp2_common/pico_standard_link/binary_info.c.obj
 .binary_info.keep.__bi_ptr50
                0x10009698        0x4 CMakeFiles/mong_proto.dir/C_/Users/JaeYeong_Ko/Documents/Pico/pico-sdk/src/rp2_common/pico_standard_link/binary_info.c.obj
 .binary_info.keep.__bi_ptr75
                0x1000969c        0x4 CMakeFiles/mong_proto.dir/C_/Users/JaeYeong_Ko/Documents/Pico/pico-sdk/src/rp2_common/pico_standard_link/binary_info.c.obj
 .binary_info.keep.__bi_ptr81
                0x100096a0        0x4 CMakeFiles/mong_proto.dir/C_/Users/JaeYeong_Ko/Documents/Pico/pico-sdk/src/rp2_common/pico_standard_link/binary_info.c.obj
 *(.binary_info.*)
 .binary_info.__bi_ptr182
                0x100096a4        0x4 CMakeFiles/mong_proto.dir/C_/Users/JaeYeong_Ko/Documents/Pico/pico-sdk/src/rp2_common/pico_stdio_usb/stdio_usb.c.obj
                0x100096a8                __binary_info_end = .

.rel.dyn        0x100096a8        0x0
 .rel.iplt      0x100096a8        0x0 c:/progra~2/gnuarm~1/102021~1.10/bin/../lib/gcc/arm-none-eabi/10.3.1/thumb/v6-m/nofp/crtbegin.o
                0x100096a8                . = ALIGN (0x4)

.ram_vector_table
                0x20000000       0xc0
 *(.ram_vector_table)
 .ram_vector_table
                0x20000000       0xc0 CMakeFiles/mong_proto.dir/C_/Users/JaeYeong_Ko/Documents/Pico/pico-sdk/src/rp2_common/pico_runtime/runtime.c.obj
                0x20000000                ram_vector_table

.data           0x200000c0     0x1780 load address 0x100096a8
                0x200000c0                __data_start__ = .
 *(vtable)
 *(.time_critical*)
 .time_critical.mutex_enter_blocking
                0x200000c0       0x48 CMakeFiles/mong_proto.dir/C_/Users/JaeYeong_Ko/Documents/Pico/pico-sdk/src/common/pico_sync/mutex.c.obj
                0x200000c0                mutex_enter_blocking
 .time_critical.mutex_try_enter
                0x20000108       0x44 CMakeFiles/mong_proto.dir/C_/Users/JaeYeong_Ko/Documents/Pico/pico-sdk/src/common/pico_sync/mutex.c.obj
                0x20000108                mutex_try_enter
 .time_critical.mutex_try_enter_block_until
                0x2000014c       0x9c CMakeFiles/mong_proto.dir/C_/Users/JaeYeong_Ko/Documents/Pico/pico-sdk/src/common/pico_sync/mutex.c.obj
                0x2000014c                mutex_try_enter_block_until
 .time_critical.mutex_enter_timeout_ms
                0x200001e8       0x90 CMakeFiles/mong_proto.dir/C_/Users/JaeYeong_Ko/Documents/Pico/pico-sdk/src/common/pico_sync/mutex.c.obj
                0x200001e8                mutex_enter_timeout_ms
 .time_critical.mutex_exit
                0x20000278       0x28 CMakeFiles/mong_proto.dir/C_/Users/JaeYeong_Ko/Documents/Pico/pico-sdk/src/common/pico_sync/mutex.c.obj
                0x20000278                mutex_exit
 .time_critical.flash_init_boot2_copyout
                0x200002a0       0x30 CMakeFiles/mong_proto.dir/C_/Users/JaeYeong_Ko/Documents/Pico/pico-sdk/src/rp2_common/hardware_flash/flash.c.obj
 .time_critical.flash_enable_xip_via_boot2
                0x200002d0       0x10 CMakeFiles/mong_proto.dir/C_/Users/JaeYeong_Ko/Documents/Pico/pico-sdk/src/rp2_common/hardware_flash/flash.c.obj
 .time_critical.flash_cs_force
                0x200002e0       0x38 CMakeFiles/mong_proto.dir/C_/Users/JaeYeong_Ko/Documents/Pico/pico-sdk/src/rp2_common/hardware_flash/flash.c.obj
 .time_critical.flash_do_cmd
                0x20000318       0xc4 CMakeFiles/mong_proto.dir/C_/Users/JaeYeong_Ko/Documents/Pico/pico-sdk/src/rp2_common/hardware_flash/flash.c.obj
                0x20000318                flash_do_cmd
 .time_critical.reset_non_control_endpoints
                0x200003dc       0xbc CMakeFiles/mong_proto.dir/C_/Users/JaeYeong_Ko/Documents/Pico/pico-sdk/lib/tinyusb/src/portable/raspberrypi/rp2040/dcd_rp2040.c.obj
 .time_critical.hw_handle_buff_status
                0x20000498       0xa8 CMakeFiles/mong_proto.dir/C_/Users/JaeYeong_Ko/Documents/Pico/pico-sdk/lib/tinyusb/src/portable/raspberrypi/rp2040/dcd_rp2040.c.obj
 .time_critical.dcd_rp2040_irq
                0x20000540      0x4d8 CMakeFiles/mong_proto.dir/C_/Users/JaeYeong_Ko/Documents/Pico/pico-sdk/lib/tinyusb/src/portable/raspberrypi/rp2040/dcd_rp2040.c.obj
 .time_critical.e15_is_bulkin_ep
                0x20000a18       0x28 CMakeFiles/mong_proto.dir/C_/Users/JaeYeong_Ko/Documents/Pico/pico-sdk/lib/tinyusb/src/portable/raspberrypi/rp2040/rp2040_usb.c.obj
 .time_critical.e15_is_critical_frame_period
                0x20000a40       0x34 CMakeFiles/mong_proto.dir/C_/Users/JaeYeong_Ko/Documents/Pico/pico-sdk/lib/tinyusb/src/portable/raspberrypi/rp2040/rp2040_usb.c.obj
 .time_critical.prepare_ep_buffer
                0x20000a74       0x70 CMakeFiles/mong_proto.dir/C_/Users/JaeYeong_Ko/Documents/Pico/pico-sdk/lib/tinyusb/src/portable/raspberrypi/rp2040/rp2040_usb.c.obj
 .time_critical.sync_ep_buffer
                0x20000ae4       0x4c CMakeFiles/mong_proto.dir/C_/Users/JaeYeong_Ko/Documents/Pico/pico-sdk/lib/tinyusb/src/portable/raspberrypi/rp2040/rp2040_usb.c.obj
 .time_critical._hw_endpoint_xfer_sync
                0x20000b30       0x28 CMakeFiles/mong_proto.dir/C_/Users/JaeYeong_Ko/Documents/Pico/pico-sdk/lib/tinyusb/src/portable/raspberrypi/rp2040/rp2040_usb.c.obj
 .time_critical.hw_endpoint_reset_transfer
                0x20000b58        0xc CMakeFiles/mong_proto.dir/C_/Users/JaeYeong_Ko/Documents/Pico/pico-sdk/lib/tinyusb/src/portable/raspberrypi/rp2040/rp2040_usb.c.obj
                0x20000b58                hw_endpoint_reset_transfer
 .time_critical._hw_endpoint_buffer_control_update32
                0x20000b64       0x58 CMakeFiles/mong_proto.dir/C_/Users/JaeYeong_Ko/Documents/Pico/pico-sdk/lib/tinyusb/src/portable/raspberrypi/rp2040/rp2040_usb.c.obj
                0x20000b64                _hw_endpoint_buffer_control_update32
 .time_critical.hw_endpoint_start_next_buffer
                0x20000bbc       0x6c CMakeFiles/mong_proto.dir/C_/Users/JaeYeong_Ko/Documents/Pico/pico-sdk/lib/tinyusb/src/portable/raspberrypi/rp2040/rp2040_usb.c.obj
                0x20000bbc                hw_endpoint_start_next_buffer
 .time_critical.hw_endpoint_xfer_continue
                0x20000c28       0x50 CMakeFiles/mong_proto.dir/C_/Users/JaeYeong_Ko/Documents/Pico/pico-sdk/lib/tinyusb/src/portable/raspberrypi/rp2040/rp2040_usb.c.obj
                0x20000c28                hw_endpoint_xfer_continue
 .time_critical.tinyusb
                0x20000c78      0x170 CMakeFiles/mong_proto.dir/C_/Users/JaeYeong_Ko/Documents/Pico/pico-sdk/lib/tinyusb/src/device/usbd.c.obj
                0x20000c78                dcd_event_handler
 *(.text*)
 .text          0x20000de8        0x4 c:/progra~2/gnuarm~1/102021~1.10/bin/../lib/gcc/arm-none-eabi/10.3.1/thumb/v6-m/nofp\libgcc.a(_dvmd_tls.o)
                0x20000de8                __aeabi_idiv0
                0x20000de8                __aeabi_ldiv0
 *fill*         0x20000dec        0x4 
 .text.__stub   0x20000df0       0x70 linker stubs
                0x20000e60                . = ALIGN (0x4)
 *(.rodata*)
                0x20000e60                . = ALIGN (0x4)
 *(.data*)
 .data.attack_sound
                0x20000e60       0x20 CMakeFiles/mong_proto.dir/Sound/Buzzer/buzzer.c.obj
                0x20000e60                attack_sound
 .data.down_button
                0x20000e80       0x14 CMakeFiles/mong_proto.dir/Sound/Buzzer/buzzer.c.obj
                0x20000e80                down_button
 .data.finish_button
                0x20000e94       0x28 CMakeFiles/mong_proto.dir/Sound/Buzzer/buzzer.c.obj
                0x20000e94                finish_button
 .data.left_button
                0x20000ebc        0x8 CMakeFiles/mong_proto.dir/Sound/Buzzer/buzzer.c.obj
                0x20000ebc                left_button
 .data.right_button
                0x20000ec4       0x10 CMakeFiles/mong_proto.dir/Sound/Buzzer/buzzer.c.obj
                0x20000ec4                right_button
 .data.start_button
                0x20000ed4       0x14 CMakeFiles/mong_proto.dir/Sound/Buzzer/buzzer.c.obj
                0x20000ed4                start_button
 .data.up_button
                0x20000ee8        0xc CMakeFiles/mong_proto.dir/Sound/Buzzer/buzzer.c.obj
                0x20000ee8                up_button
 .data.striped_spin_lock_num
                0x20000ef4        0x1 CMakeFiles/mong_proto.dir/C_/Users/JaeYeong_Ko/Documents/Pico/pico-sdk/src/rp2_common/hardware_sync/sync.c.obj
 *fill*         0x20000ef5        0x3 
 .data          0x20000ef8       0x48 CMakeFiles/mong_proto.dir/C_/Users/JaeYeong_Ko/Documents/Pico/pico-sdk/src/rp2_common/hardware_irq/irq_handler_chain.S.obj
                0x20000ef8                irq_handler_chain_slots
                0x20000f28                irq_handler_chain_first_slot
                0x20000f32                irq_handler_chain_remove_tail
 .data.default_alarm_pool
                0x20000f40       0x18 CMakeFiles/mong_proto.dir/C_/Users/JaeYeong_Ko/Documents/Pico/pico-sdk/src/common/pico_time/time.c.obj
 .data.default_alarm_pool_heap
                0x20000f58       0x10 CMakeFiles/mong_proto.dir/C_/Users/JaeYeong_Ko/Documents/Pico/pico-sdk/src/common/pico_time/time.c.obj
 *fill*         0x20000f68        0x8 
 .data.aeabi_bits_funcs
                0x20000f70       0x10 CMakeFiles/mong_proto.dir/C_/Users/JaeYeong_Ko/Documents/Pico/pico-sdk/src/rp2_common/pico_bit_ops/bit_ops_aeabi.S.obj
                0x20000f70                aeabi_bits_funcs
                0x20000f80                aeabi_bits_funcs_end
 .data.aeabi_mem_funcs
                0x20000f80       0x10 CMakeFiles/mong_proto.dir/C_/Users/JaeYeong_Ko/Documents/Pico/pico-sdk/src/rp2_common/pico_mem_ops/mem_ops_aeabi.S.obj
                0x20000f80                aeabi_mem_funcs
                0x20000f90                aeabi_mem_funcs_end
 .data.stdio_usb
                0x20000f90       0x18 CMakeFiles/mong_proto.dir/C_/Users/JaeYeong_Ko/Documents/Pico/pico-sdk/src/rp2_common/pico_stdio_usb/stdio_usb.c.obj
                0x20000f90                stdio_usb
 .data.ep_dir_string
                0x20000fa8        0x8 CMakeFiles/mong_proto.dir/C_/Users/JaeYeong_Ko/Documents/Pico/pico-sdk/lib/tinyusb/src/portable/raspberrypi/rp2040/rp2040_usb.c.obj
                0x20000fa8                ep_dir_string
 .data._usbd_qdef
                0x20000fb0       0x1c CMakeFiles/mong_proto.dir/C_/Users/JaeYeong_Ko/Documents/Pico/pico-sdk/lib/tinyusb/src/device/usbd.c.obj
                0x20000fb0                _usbd_qdef
 .data._usbd_rhport
                0x20000fcc        0x1 CMakeFiles/mong_proto.dir/C_/Users/JaeYeong_Ko/Documents/Pico/pico-sdk/lib/tinyusb/src/device/usbd.c.obj
 *fill*         0x20000fcd        0x3 
 .data.i2c0_inst
                0x20000fd0        0x8 CMakeFiles/mong_proto.dir/C_/Users/JaeYeong_Ko/Documents/Pico/pico-sdk/src/rp2_common/hardware_i2c/i2c.c.obj
                0x20000fd0                i2c0_inst
 .data._impure_ptr
                0x20000fd8        0x4 c:/progra~2/gnuarm~1/102021~1.10/bin/../lib/gcc/arm-none-eabi/10.3.1/../../../../arm-none-eabi/lib/thumb/v6-m/nofp\libc.a(lib_a-impure.o)
                0x20000fd8                _impure_ptr
 *fill*         0x20000fdc        0x4 
 .data.impure_data
                0x20000fe0      0x428 c:/progra~2/gnuarm~1/102021~1.10/bin/../lib/gcc/arm-none-eabi/10.3.1/../../../../arm-none-eabi/lib/thumb/v6-m/nofp\libc.a(lib_a-impure.o)
 .data.__malloc_av_
                0x20001408      0x408 c:/progra~2/gnuarm~1/102021~1.10/bin/../lib/gcc/arm-none-eabi/10.3.1/../../../../arm-none-eabi/lib/thumb/v6-m/nofp\libc.a(lib_a-mallocr.o)
                0x20001408                __malloc_av_
 .data.__malloc_sbrk_base
                0x20001810        0x4 c:/progra~2/gnuarm~1/102021~1.10/bin/../lib/gcc/arm-none-eabi/10.3.1/../../../../arm-none-eabi/lib/thumb/v6-m/nofp\libc.a(lib_a-mallocr.o)
                0x20001810                __malloc_sbrk_base
 .data.__malloc_trim_threshold
                0x20001814        0x4 c:/progra~2/gnuarm~1/102021~1.10/bin/../lib/gcc/arm-none-eabi/10.3.1/../../../../arm-none-eabi/lib/thumb/v6-m/nofp\libc.a(lib_a-mallocr.o)
                0x20001814                __malloc_trim_threshold
                0x20001818                . = ALIGN (0x4)
 *(.after_data.*)
                0x20001818                . = ALIGN (0x4)
                0x20001818                PROVIDE (__mutex_array_start = .)
 *(SORT_BY_NAME(.mutex_array.*))
 *(.mutex_array)
 .mutex_array   0x20001818        0x8 CMakeFiles/mong_proto.dir/C_/Users/JaeYeong_Ko/Documents/Pico/pico-sdk/src/rp2_common/pico_malloc/pico_malloc.c.obj
 .mutex_array   0x20001820        0x8 CMakeFiles/mong_proto.dir/C_/Users/JaeYeong_Ko/Documents/Pico/pico-sdk/src/rp2_common/pico_stdio/stdio.c.obj
                0x20001828                PROVIDE (__mutex_array_end = .)
                0x20001828                . = ALIGN (0x4)
                0x20001828                PROVIDE (__preinit_array_start = .)
 *(SORT_BY_NAME(.preinit_array.*))
 .preinit_array.00001
                0x20001828        0x4 CMakeFiles/mong_proto.dir/C_/Users/JaeYeong_Ko/Documents/Pico/pico-sdk/src/rp2_common/pico_mem_ops/mem_ops_aeabi.S.obj
 .preinit_array.00010
                0x2000182c        0x4 CMakeFiles/mong_proto.dir/C_/Users/JaeYeong_Ko/Documents/Pico/pico-sdk/src/rp2_common/pico_bit_ops/bit_ops_aeabi.S.obj
 .preinit_array.00020
                0x20001830        0x4 CMakeFiles/mong_proto.dir/C_/Users/JaeYeong_Ko/Documents/Pico/pico-sdk/src/rp2_common/pico_double/double_aeabi.S.obj
 .preinit_array.00020
                0x20001834        0x4 CMakeFiles/mong_proto.dir/C_/Users/JaeYeong_Ko/Documents/Pico/pico-sdk/src/rp2_common/pico_float/float_aeabi.S.obj
 *(.preinit_array)
                0x20001838                PROVIDE (__preinit_array_end = .)
                0x20001838                . = ALIGN (0x4)
                0x20001838                PROVIDE (__init_array_start = .)
 *(SORT_BY_NAME(.init_array.*))
 *(.init_array)
 .init_array    0x20001838        0x4 c:/progra~2/gnuarm~1/102021~1.10/bin/../lib/gcc/arm-none-eabi/10.3.1/thumb/v6-m/nofp/crtbegin.o
 .init_array    0x2000183c        0x4 CMakeFiles/mong_proto.dir/C_/Users/JaeYeong_Ko/Documents/Pico/pico-sdk/src/rp2_common/pico_unique_id/unique_id.c.obj
                0x20001840                PROVIDE (__init_array_end = .)
                0x20001840                . = ALIGN (0x4)
                [!provide]                PROVIDE (__fini_array_start = .)
 *(SORT_BY_NAME(.fini_array.*))
 *(.fini_array)
                [!provide]                PROVIDE (__fini_array_end = .)
 *(.jcr)
                0x20001840                . = ALIGN (0x4)
                0x20001840                __data_end__ = .
                0x100096a8                __etext = LOADADDR (.data)

.igot.plt       0x20001840        0x0 load address 0x1000ae28
 .igot.plt      0x20001840        0x0 c:/progra~2/gnuarm~1/102021~1.10/bin/../lib/gcc/arm-none-eabi/10.3.1/thumb/v6-m/nofp/crtbegin.o

.uninitialized_data
                0x20001840       0x20 load address 0x1000ae28
                0x20001840                . = ALIGN (0x4)
 *(.uninitialized_data*)
 .uninitialized_data.ram_hash
                0x20001840        0x8 CMakeFiles/mong_proto.dir/C_/Users/JaeYeong_Ko/Documents/Pico/pico-sdk/src/rp2_common/pico_rand/rand.c.obj
 .uninitialized_data.rng_state
                0x20001848       0x10 CMakeFiles/mong_proto.dir/C_/Users/JaeYeong_Ko/Documents/Pico/pico-sdk/src/rp2_common/pico_rand/rand.c.obj
 .uninitialized_data.rosc_samples
                0x20001858        0x8 CMakeFiles/mong_proto.dir/C_/Users/JaeYeong_Ko/Documents/Pico/pico-sdk/src/rp2_common/pico_rand/rand.c.obj

.scratch_x      0x20040000        0x0 load address 0x1000ae28
                0x20040000                __scratch_x_start__ = .
 *(.scratch_x.*)
                0x20040000                . = ALIGN (0x4)
                0x20040000                __scratch_x_end__ = .
                0x1000ae28                __scratch_x_source__ = LOADADDR (.scratch_x)

.scratch_y      0x20041000        0x0 load address 0x1000ae28
                0x20041000                __scratch_y_start__ = .
 *(.scratch_y.*)
                0x20041000                . = ALIGN (0x4)
                0x20041000                __scratch_y_end__ = .
                0x1000ae28                __scratch_y_source__ = LOADADDR (.scratch_y)

.bss            0x20001860      0xdd4
                0x20001860                . = ALIGN (0x4)
                0x20001860                __bss_start__ = .
 *(SORT_BY_ALIGNMENT(SORT_BY_NAME(.bss*)))
 .bss.default_alarm_pool_entries
                0x20001860      0x100 CMakeFiles/mong_proto.dir/C_/Users/JaeYeong_Ko/Documents/Pico/pico-sdk/src/common/pico_time/time.c.obj
 .bss.last_avail_time.1
                0x20001960        0x8 CMakeFiles/mong_proto.dir/C_/Users/JaeYeong_Ko/Documents/Pico/pico-sdk/src/rp2_common/pico_stdio_usb/stdio_usb.c.obj
 .bss.next_sample_time.0
                0x20001968        0x8 CMakeFiles/mong_proto.dir/C_/Users/JaeYeong_Ko/Documents/Pico/pico-sdk/src/rp2_common/pico_rand/rand.c.obj
 .bss.sd_table  0x20001970      0x100 CMakeFiles/mong_proto.dir/C_/Users/JaeYeong_Ko/Documents/Pico/pico-sdk/src/rp2_common/pico_double/double_init_rom.c.obj
                0x20001970                sd_table
 .bss.sf_table  0x20001a70      0x100 CMakeFiles/mong_proto.dir/C_/Users/JaeYeong_Ko/Documents/Pico/pico-sdk/src/rp2_common/pico_float/float_init_rom.c.obj
                0x20001a70                sf_table
 .bss           0x20001b70       0x1c c:/progra~2/gnuarm~1/102021~1.10/bin/../lib/gcc/arm-none-eabi/10.3.1/thumb/v6-m/nofp/crtbegin.o
 .bss.__lock___malloc_recursive_mutex
                0x20001b8c        0x1 c:/progra~2/gnuarm~1/102021~1.10/bin/../lib/gcc/arm-none-eabi/10.3.1/../../../../arm-none-eabi/lib/thumb/v6-m/nofp\libc.a(lib_a-lock.o)
                0x20001b8c                __lock___malloc_recursive_mutex
 *fill*         0x20001b8d        0x3 
 .bss.__malloc_current_mallinfo
                0x20001b90       0x28 c:/progra~2/gnuarm~1/102021~1.10/bin/../lib/gcc/arm-none-eabi/10.3.1/../../../../arm-none-eabi/lib/thumb/v6-m/nofp\libc.a(lib_a-mallocr.o)
                0x20001b90                __malloc_current_mallinfo
 .bss.__malloc_max_sbrked_mem
                0x20001bb8        0x4 c:/progra~2/gnuarm~1/102021~1.10/bin/../lib/gcc/arm-none-eabi/10.3.1/../../../../arm-none-eabi/lib/thumb/v6-m/nofp\libc.a(lib_a-mallocr.o)
                0x20001bb8                __malloc_max_sbrked_mem
 .bss.__malloc_max_total_mem
                0x20001bbc        0x4 c:/progra~2/gnuarm~1/102021~1.10/bin/../lib/gcc/arm-none-eabi/10.3.1/../../../../arm-none-eabi/lib/thumb/v6-m/nofp\libc.a(lib_a-mallocr.o)
                0x20001bbc                __malloc_max_total_mem
 .bss.__malloc_top_pad
                0x20001bc0        0x4 c:/progra~2/gnuarm~1/102021~1.10/bin/../lib/gcc/arm-none-eabi/10.3.1/../../../../arm-none-eabi/lib/thumb/v6-m/nofp\libc.a(lib_a-mallocr.o)
                0x20001bc0                __malloc_top_pad
 .bss._app_driver
                0x20001bc4        0x4 CMakeFiles/mong_proto.dir/C_/Users/JaeYeong_Ko/Documents/Pico/pico-sdk/lib/tinyusb/src/device/usbd.c.obj
 .bss._cdcd_itf
                0x20001bc8      0x2c8 CMakeFiles/mong_proto.dir/C_/Users/JaeYeong_Ko/Documents/Pico/pico-sdk/lib/tinyusb/src/class/cdc/cdc_device.c.obj
 .bss._ctrl_xfer
                0x20001e90       0x14 CMakeFiles/mong_proto.dir/C_/Users/JaeYeong_Ko/Documents/Pico/pico-sdk/lib/tinyusb/src/device/usbd_control.c.obj
 .bss._ubsd_mutexdef
                0x20001ea4        0x8 CMakeFiles/mong_proto.dir/C_/Users/JaeYeong_Ko/Documents/Pico/pico-sdk/lib/tinyusb/src/device/usbd.c.obj
 .bss._usbd_ctrl_buf
                0x20001eac       0x40 CMakeFiles/mong_proto.dir/C_/Users/JaeYeong_Ko/Documents/Pico/pico-sdk/lib/tinyusb/src/device/usbd_control.c.obj
 .bss._usbd_dev
                0x20001eec       0x53 CMakeFiles/mong_proto.dir/C_/Users/JaeYeong_Ko/Documents/Pico/pico-sdk/lib/tinyusb/src/device/usbd.c.obj
 *fill*         0x20001f3f        0x1 
 .bss._usbd_mutex
                0x20001f40        0x4 CMakeFiles/mong_proto.dir/C_/Users/JaeYeong_Ko/Documents/Pico/pico-sdk/lib/tinyusb/src/device/usbd.c.obj
 .bss._usbd_q   0x20001f44        0x4 CMakeFiles/mong_proto.dir/C_/Users/JaeYeong_Ko/Documents/Pico/pico-sdk/lib/tinyusb/src/device/usbd.c.obj
 .bss._usbd_qdef_buf
                0x20001f48       0xc0 CMakeFiles/mong_proto.dir/C_/Users/JaeYeong_Ko/Documents/Pico/pico-sdk/lib/tinyusb/src/device/usbd.c.obj
                0x20001f48                _usbd_qdef_buf
 .bss.alarm_callbacks
                0x20002008       0x10 CMakeFiles/mong_proto.dir/C_/Users/JaeYeong_Ko/Documents/Pico/pico-sdk/src/rp2_common/hardware_timer/timer.c.obj
 .bss.boot2_copyout
                0x20002018      0x100 CMakeFiles/mong_proto.dir/C_/Users/JaeYeong_Ko/Documents/Pico/pico-sdk/src/rp2_common/hardware_flash/flash.c.obj
 .bss.chars_available_callback
                0x20002118        0x4 CMakeFiles/mong_proto.dir/C_/Users/JaeYeong_Ko/Documents/Pico/pico-sdk/src/rp2_common/pico_stdio_usb/stdio_usb.c.obj
 .bss.chars_available_param
                0x2000211c        0x4 CMakeFiles/mong_proto.dir/C_/Users/JaeYeong_Ko/Documents/Pico/pico-sdk/src/rp2_common/pico_stdio_usb/stdio_usb.c.obj
 .bss.claimed   0x20002120        0x4 CMakeFiles/mong_proto.dir/C_/Users/JaeYeong_Ko/Documents/Pico/pico-sdk/src/rp2_common/hardware_sync/sync.c.obj
 .bss.configured_freq
                0x20002124       0x28 CMakeFiles/mong_proto.dir/C_/Users/JaeYeong_Ko/Documents/Pico/pico-sdk/src/rp2_common/hardware_clocks/clocks.c.obj
 .bss.default_alarm_pool_entry_ids_high
                0x2000214c       0x10 CMakeFiles/mong_proto.dir/C_/Users/JaeYeong_Ko/Documents/Pico/pico-sdk/src/common/pico_time/time.c.obj
 .bss.default_alarm_pool_heap_nodes
                0x2000215c       0x30 CMakeFiles/mong_proto.dir/C_/Users/JaeYeong_Ko/Documents/Pico/pico-sdk/src/common/pico_time/time.c.obj
 .bss.desc_str.0
                0x2000218c       0x28 CMakeFiles/mong_proto.dir/C_/Users/JaeYeong_Ko/Documents/Pico/pico-sdk/src/rp2_common/pico_stdio_usb/stdio_usb_descriptors.c.obj
 .bss.drivers   0x200021b4        0x4 CMakeFiles/mong_proto.dir/C_/Users/JaeYeong_Ko/Documents/Pico/pico-sdk/src/rp2_common/pico_stdio/stdio.c.obj
 .bss.e15_last_sof
                0x200021b8        0x4 CMakeFiles/mong_proto.dir/C_/Users/JaeYeong_Ko/Documents/Pico/pico-sdk/lib/tinyusb/src/portable/raspberrypi/rp2040/rp2040_usb.c.obj
                0x200021b8                e15_last_sof
 .bss.errno     0x200021bc        0x4 c:/progra~2/gnuarm~1/102021~1.10/bin/../lib/gcc/arm-none-eabi/10.3.1/../../../../arm-none-eabi/lib/thumb/v6-m/nofp\libc.a(lib_a-reent.o)
                0x200021bc                errno
 .bss.filter    0x200021c0        0x4 CMakeFiles/mong_proto.dir/C_/Users/JaeYeong_Ko/Documents/Pico/pico-sdk/src/rp2_common/pico_stdio/stdio.c.obj
 .bss.heap_end.0
                0x200021c4        0x4 CMakeFiles/mong_proto.dir/C_/Users/JaeYeong_Ko/Documents/Pico/pico-sdk/src/rp2_common/pico_runtime/runtime.c.obj
 .bss.hw_endpoints
                0x200021c8      0x400 CMakeFiles/mong_proto.dir/C_/Users/JaeYeong_Ko/Documents/Pico/pico-sdk/lib/tinyusb/src/portable/raspberrypi/rp2040/dcd_rp2040.c.obj
 .bss.lazy_vsnprintf
                0x200025c8        0x4 CMakeFiles/mong_proto.dir/C_/Users/JaeYeong_Ko/Documents/Pico/pico-sdk/src/rp2_common/pico_printf/printf.c.obj
 .bss.load_value
                0x200025cc        0x4 CMakeFiles/mong_proto.dir/C_/Users/JaeYeong_Ko/Documents/Pico/pico-sdk/src/rp2_common/hardware_watchdog/watchdog.c.obj
 .bss.next_buffer_ptr
                0x200025d0        0x4 CMakeFiles/mong_proto.dir/C_/Users/JaeYeong_Ko/Documents/Pico/pico-sdk/lib/tinyusb/src/portable/raspberrypi/rp2040/dcd_rp2040.c.obj
 .bss.one_shot_timer_crit_sec
                0x200025d4        0x8 CMakeFiles/mong_proto.dir/C_/Users/JaeYeong_Ko/Documents/Pico/pico-sdk/src/rp2_common/pico_stdio_usb/stdio_usb.c.obj
 .bss.pools     0x200025dc       0x10 CMakeFiles/mong_proto.dir/C_/Users/JaeYeong_Ko/Documents/Pico/pico-sdk/src/common/pico_time/time.c.obj
 .bss.retrieved_id
                0x200025ec        0x8 CMakeFiles/mong_proto.dir/C_/Users/JaeYeong_Ko/Documents/Pico/pico-sdk/src/rp2_common/pico_unique_id/unique_id.c.obj
 .bss.sf_clz_func
                0x200025f4        0x4 CMakeFiles/mong_proto.dir/C_/Users/JaeYeong_Ko/Documents/Pico/pico-sdk/src/rp2_common/pico_double/double_init_rom.c.obj
                0x200025f4                sf_clz_func
 .bss.sleep_notifier
                0x200025f8        0x4 CMakeFiles/mong_proto.dir/C_/Users/JaeYeong_Ko/Documents/Pico/pico-sdk/src/common/pico_time/time.c.obj
 .bss.stdio_usb_mutex
                0x200025fc        0x8 CMakeFiles/mong_proto.dir/C_/Users/JaeYeong_Ko/Documents/Pico/pico-sdk/src/rp2_common/pico_stdio_usb/stdio_usb.c.obj
 .bss.target_hi
                0x20002604       0x10 CMakeFiles/mong_proto.dir/C_/Users/JaeYeong_Ko/Documents/Pico/pico-sdk/src/rp2_common/hardware_timer/timer.c.obj
 .bss.usbd_serial_str
                0x20002614       0x11 CMakeFiles/mong_proto.dir/C_/Users/JaeYeong_Ko/Documents/Pico/pico-sdk/src/rp2_common/pico_stdio_usb/stdio_usb_descriptors.c.obj
 .bss._app_driver_count
                0x20002625        0x1 CMakeFiles/mong_proto.dir/C_/Users/JaeYeong_Ko/Documents/Pico/pico-sdk/lib/tinyusb/src/device/usbd.c.obj
 .bss._sof_enable
                0x20002626        0x1 CMakeFiles/mong_proto.dir/C_/Users/JaeYeong_Ko/Documents/Pico/pico-sdk/lib/tinyusb/src/portable/raspberrypi/rp2040/dcd_rp2040.c.obj
 .bss.boot2_copyout_valid
                0x20002627        0x1 CMakeFiles/mong_proto.dir/C_/Users/JaeYeong_Ko/Documents/Pico/pico-sdk/src/rp2_common/hardware_flash/flash.c.obj
 .bss.bus_counter_idx
                0x20002628        0x1 CMakeFiles/mong_proto.dir/C_/Users/JaeYeong_Ko/Documents/Pico/pico-sdk/src/rp2_common/pico_rand/rand.c.obj
 .bss.check_byte.1
                0x20002629        0x1 CMakeFiles/mong_proto.dir/C_/Users/JaeYeong_Ko/Documents/Pico/pico-sdk/src/rp2_common/pico_rand/rand.c.obj
 .bss.claimed   0x2000262a        0x1 CMakeFiles/mong_proto.dir/C_/Users/JaeYeong_Ko/Documents/Pico/pico-sdk/src/rp2_common/hardware_timer/timer.c.obj
 .bss.irq_hander_chain_free_slot_head
                0x2000262b        0x1 CMakeFiles/mong_proto.dir/C_/Users/JaeYeong_Ko/Documents/Pico/pico-sdk/src/rp2_common/hardware_irq/irq.c.obj
 .bss.itf_num   0x2000262c        0x1 CMakeFiles/mong_proto.dir/C_/Users/JaeYeong_Ko/Documents/Pico/pico-sdk/src/rp2_common/pico_stdio_usb/reset_interface.c.obj
 .bss.low_priority_irq_num
                0x2000262d        0x1 CMakeFiles/mong_proto.dir/C_/Users/JaeYeong_Ko/Documents/Pico/pico-sdk/src/rp2_common/pico_stdio_usb/stdio_usb.c.obj
 .bss.one_shot_timer_pending
                0x2000262e        0x1 CMakeFiles/mong_proto.dir/C_/Users/JaeYeong_Ko/Documents/Pico/pico-sdk/src/rp2_common/pico_stdio_usb/stdio_usb.c.obj
 .bss.rng_initialised
                0x2000262f        0x1 CMakeFiles/mong_proto.dir/C_/Users/JaeYeong_Ko/Documents/Pico/pico-sdk/src/rp2_common/pico_rand/rand.c.obj
 .bss.timer_callbacks_pending
                0x20002630        0x1 CMakeFiles/mong_proto.dir/C_/Users/JaeYeong_Ko/Documents/Pico/pico-sdk/src/rp2_common/hardware_timer/timer.c.obj